This is XeTeX, Version 3.141592653-2.6-0.999997 (MiKTeX 25.12) (preloaded format=xelatex 2026.8.26)  1 OCT 2026 14:53
entering extended mode
 restricted \write18 enabled.
 %&-line parsing enabled.
**./main.tex
(main.tex
LaTeX2e <2025-11-01>
L3 programming layer <2025-12-24>
(styles/head.tex (D:\Applications\MikTex\tex/latex/base\report.cls
Document Class: report 2025/01/22 v1.4n Standard LaTeX document class
(D:\Applications\MikTex\tex/latex/base\size12.clo
File: size12.clo 2025/01/22 v1.4n Standard LaTeX file (size option)
)
\c@part=\count271
\c@chapter=\count272
\c@section=\count273
\c@subsection=\count274
\c@subsubsection=\count275
\c@paragraph=\count276
\c@subparagraph=\count277
\c@figure=\count278
\c@table=\count279
\abovecaptionskip=\skip49
\belowcaptionskip=\skip50
\bibindent=\dimen148
)
(D:\Applications\MikTex\tex/latex/amscls\amsthm.sty
Package: amsthm 2020/05/29 v2.20.6
\thm@style=\toks17
\thm@bodyfont=\toks18
\thm@headfont=\toks19
\thm@notefont=\toks20
\thm@headpunct=\toks21
\thm@preskip=\skip51
\thm@postskip=\skip52
\thm@headsep=\skip53
\dth@everypar=\toks22
)
(D:\Applications\MikTex\tex/latex/amsfonts\amssymb.sty
Package: amssymb 2013/01/14 v3.01 AMS font symbols

(D:\Applications\MikTex\tex/latex/amsfonts\amsfonts.sty
Package: amsfonts 2013/01/14 v3.01 Basic AMSFonts support
\@emptytoks=\toks23
\symAMSa=\mathgroup4
\symAMSb=\mathgroup5
LaTeX Font Info:    Redeclaring math symbol \hbar on input line 98.
LaTeX Font Info:    Overwriting math alphabet `\mathfrak' in version `bold'
(Font)                  U/euf/m/n --> U/euf/b/n on input line 106.
))
(D:\Applications\MikTex\tex/latex/amsmath\amsmath.sty
Package: amsmath 2025/07/09 v2.17z AMS math features
\@mathmargin=\skip54

For additional information on amsmath, use the `?' option.
(D:\Applications\MikTex\tex/latex/amsmath\amstext.sty
Package: amstext 2024/11/17 v2.01 AMS text

(D:\Applications\MikTex\tex/latex/amsmath\amsgen.sty
File: amsgen.sty 1999/11/30 v2.0 generic functions
\@emptytoks=\toks24
\ex@=\dimen149
))
(D:\Applications\MikTex\tex/latex/amsmath\amsbsy.sty
Package: amsbsy 1999/11/29 v1.2d Bold Symbols
\pmbraise@=\dimen150
)
(D:\Applications\MikTex\tex/latex/amsmath\amsopn.sty
Package: amsopn 2022/04/08 v2.04 operator names
)
\inf@bad=\count280
LaTeX Info: Redefining \frac on input line 233.
\uproot@=\count281
\leftroot@=\count282
LaTeX Info: Redefining \overline on input line 398.
LaTeX Info: Redefining \colon on input line 409.
\classnum@=\count283
\DOTSCASE@=\count284
LaTeX Info: Redefining \ldots on input line 495.
LaTeX Info: Redefining \dots on input line 498.
LaTeX Info: Redefining \cdots on input line 619.
\Mathstrutbox@=\box53
\strutbox@=\box54
LaTeX Info: Redefining \big on input line 721.
LaTeX Info: Redefining \Big on input line 722.
LaTeX Info: Redefining \bigg on input line 723.
LaTeX Info: Redefining \Bigg on input line 724.
\big@size=\dimen151
LaTeX Font Info:    Redeclaring font encoding OML on input line 742.
LaTeX Font Info:    Redeclaring font encoding OMS on input line 743.
\macc@depth=\count285
LaTeX Info: Redefining \bmod on input line 904.
LaTeX Info: Redefining \pmod on input line 909.
LaTeX Info: Redefining \smash on input line 939.
LaTeX Info: Redefining \relbar on input line 969.
LaTeX Info: Redefining \Relbar on input line 970.
\c@MaxMatrixCols=\count286
\dotsspace@=\muskip17
\c@parentequation=\count287
\dspbrk@lvl=\count288
\tag@help=\toks25
\row@=\count289
\column@=\count290
\maxfields@=\count291
\andhelp@=\toks26
\eqnshift@=\dimen152
\alignsep@=\dimen153
\tagshift@=\dimen154
\tagwidth@=\dimen155
\totwidth@=\dimen156
\lineht@=\dimen157
\@envbody=\toks27
\multlinegap=\skip55
\multlinetaggap=\skip56
\mathdisplay@stack=\toks28
LaTeX Info: Redefining \[ on input line 2950.
LaTeX Info: Redefining \] on input line 2951.
)
(D:\Applications\MikTex\tex/latex/jknappen\mathrsfs.sty
Package: mathrsfs 1996/01/01 Math RSFS package v1.0 (jk)
\symrsfs=\mathgroup6
)
(D:\Applications\MikTex\tex/latex/graphics\graphicx.sty
Package: graphicx 2024/12/31 v1.2e Enhanced LaTeX Graphics (DPC,SPQR)

(D:\Applications\MikTex\tex/latex/graphics\keyval.sty
Package: keyval 2022/05/29 v1.15 key=value parser (DPC)
\KV@toks@=\toks29
)
(D:\Applications\MikTex\tex/latex/graphics\graphics.sty
Package: graphics 2024/08/06 v1.4g Standard LaTeX Graphics (DPC,SPQR)

(D:\Applications\MikTex\tex/latex/graphics\trig.sty
Package: trig 2023/12/02 v1.11 sin cos tan (DPC)
)
(D:\Applications\MikTex\tex/latex/graphics-cfg\graphics.cfg
File: graphics.cfg 2016/06/04 v1.11 sample graphics configuration
)
Package graphics Info: Driver file: xetex.def on input line 106.

(D:\Applications\MikTex\tex/latex/graphics-def\xetex.def
File: xetex.def 2025/11/01 v5.0p Graphics/color driver for xetex
))
\Gin@req@height=\dimen158
\Gin@req@width=\dimen159
)
(D:\Applications\MikTex\tex/latex/xcolor\xcolor.sty
Package: xcolor 2024/09/29 v3.02 LaTeX color extensions (UK)

(D:\Applications\MikTex\tex/latex/graphics-cfg\color.cfg
File: color.cfg 2016/01/02 v1.6 sample color configuration
)
Package xcolor Info: Driver file: xetex.def on input line 274.

(D:\Applications\MikTex\tex/latex/graphics\mathcolor.ltx)
Package xcolor Info: Model `cmy' substituted by `cmy0' on input line 1349.
Package xcolor Info: Model `RGB' extended on input line 1365.
Package xcolor Info: Model `HTML' substituted by `rgb' on input line 1367.
Package xcolor Info: Model `Hsb' substituted by `hsb' on input line 1368.
Package xcolor Info: Model `tHsb' substituted by `hsb' on input line 1369.
Package xcolor Info: Model `HSB' substituted by `hsb' on input line 1370.
Package xcolor Info: Model `Gray' substituted by `gray' on input line 1371.
Package xcolor Info: Model `wave' substituted by `hsb' on input line 1372.
)
(D:\Applications\MikTex\tex/latex/float\float.sty
Package: float 2001/11/08 v1.3d Float enhancements (AL)
\c@float@type=\count292
\float@exts=\toks30
\float@box=\box55
\@float@everytoks=\toks31
\@floatcapt=\box56
)
(D:\Applications\MikTex\tex/latex/mathtools\mathtools.sty
Package: mathtools 2024/10/04 v1.31 mathematical typesetting tools

(D:\Applications\MikTex\tex/latex/tools\calc.sty
Package: calc 2025/03/01 v4.3b Infix arithmetic (KKT,FJ)
\calc@Acount=\count293
\calc@Bcount=\count294
\calc@Adimen=\dimen160
\calc@Bdimen=\dimen161
\calc@Askip=\skip57
\calc@Bskip=\skip58
LaTeX Info: Redefining \setlength on input line 86.
LaTeX Info: Redefining \addtolength on input line 87.
\calc@Ccount=\count295
\calc@Cskip=\skip59
)
(D:\Applications\MikTex\tex/latex/mathtools\mhsetup.sty
Package: mhsetup 2021/03/18 v1.4 programming setup (MH)
)
\g_MT_multlinerow_int=\count296
\l_MT_multwidth_dim=\dimen162
\origjot=\skip60
\l_MT_shortvdotswithinadjustabove_dim=\dimen163
\l_MT_shortvdotswithinadjustbelow_dim=\dimen164
\l_MT_above_intertext_sep=\dimen165
\l_MT_below_intertext_sep=\dimen166
\l_MT_above_shortintertext_sep=\dimen167
\l_MT_below_shortintertext_sep=\dimen168
\xmathstrut@box=\box57
\xmathstrut@dim=\dimen169
)
(D:\Applications\MikTex\tex/latex/tkz-tab\tkz-tab.sty
Package: tkz-tab 2020/04/29 v2.12c variations (ctan version)

(D:\Applications\MikTex\tex/latex/base\ifthen.sty
Package: ifthen 2024/03/16 v1.1e Standard LaTeX ifthen package (DPC)
)
(D:\Applications\MikTex\tex/latex/xkeyval\xkeyval.sty
Package: xkeyval 2022/06/16 v2.9 package option processing (HA)

(D:\Applications\MikTex\tex/generic/xkeyval\xkeyval.tex
(D:\Applications\MikTex\tex/generic/xkeyval\xkvutils.tex
\XKV@toks=\toks32
\XKV@tempa@toks=\toks33
)
\XKV@depth=\count297
File: xkeyval.tex 2014/12/03 v2.7a key=value parser (HA)
))
(D:\Applications\MikTex\tex/latex/pgf/frontendlayer\tikz.sty
(D:\Applications\MikTex\tex/latex/pgf/basiclayer\pgf.sty
(D:\Applications\MikTex\tex/latex/pgf/utilities\pgfrcs.sty
(D:\Applications\MikTex\tex/generic/pgf/utilities\pgfutil-common.tex
\pgfutil@everybye=\toks34
\pgfutil@tempdima=\dimen170
\pgfutil@tempdimb=\dimen171
)
(D:\Applications\MikTex\tex/generic/pgf/utilities\pgfutil-latex.def
\pgfutil@abb=\box58
)
(D:\Applications\MikTex\tex/generic/pgf/utilities\pgfrcs.code.tex
(D:\Applications\MikTex\tex/generic/pgf\pgf.revision.tex)
Package: pgfrcs 2025-08-29 v3.1.11a (3.1.11a)
))
Package: pgf 2025-08-29 v3.1.11a (3.1.11a)

(D:\Applications\MikTex\tex/latex/pgf/basiclayer\pgfcore.sty
(D:\Applications\MikTex\tex/latex/pgf/systemlayer\pgfsys.sty
(D:\Applications\MikTex\tex/generic/pgf/systemlayer\pgfsys.code.tex
Package: pgfsys 2025-08-29 v3.1.11a (3.1.11a)

(D:\Applications\MikTex\tex/generic/pgf/utilities\pgfkeys.code.tex
\pgfkeys@pathtoks=\toks35
\pgfkeys@temptoks=\toks36

(D:\Applications\MikTex\tex/generic/pgf/utilities\pgfkeyslibraryfiltered.code.t
ex
\pgfkeys@tmptoks=\toks37
))
\pgf@x=\dimen172
\pgf@y=\dimen173
\pgf@xa=\dimen174
\pgf@ya=\dimen175
\pgf@xb=\dimen176
\pgf@yb=\dimen177
\pgf@xc=\dimen178
\pgf@yc=\dimen179
\pgf@xd=\dimen180
\pgf@yd=\dimen181
\w@pgf@writea=\write3
\r@pgf@reada=\read2
\c@pgf@counta=\count298
\c@pgf@countb=\count299
\c@pgf@countc=\count300
\c@pgf@countd=\count301
\t@pgf@toka=\toks38
\t@pgf@tokb=\toks39
\t@pgf@tokc=\toks40
\pgf@sys@id@count=\count302
 (D:\Applications\MikTex\tex/generic/pgf/systemlayer\pgf.cfg
File: pgf.cfg 2025-08-29 v3.1.11a (3.1.11a)
)
Driver file for pgf: pgfsys-xetex.def

(D:\Applications\MikTex\tex/generic/pgf/systemlayer\pgfsys-xetex.def
File: pgfsys-xetex.def 2025-08-29 v3.1.11a (3.1.11a)

(D:\Applications\MikTex\tex/generic/pgf/systemlayer\pgfsys-dvipdfmx.def
File: pgfsys-dvipdfmx.def 2025-08-29 v3.1.11a (3.1.11a)

(D:\Applications\MikTex\tex/generic/pgf/systemlayer\pgfsys-common-pdf.def
File: pgfsys-common-pdf.def 2025-08-29 v3.1.11a (3.1.11a)
)
\pgfsys@objnum=\count303
)))
(D:\Applications\MikTex\tex/generic/pgf/systemlayer\pgfsyssoftpath.code.tex
File: pgfsyssoftpath.code.tex 2025-08-29 v3.1.11a (3.1.11a)
\pgfsyssoftpath@smallbuffer@items=\count304
\pgfsyssoftpath@bigbuffer@items=\count305
)
(D:\Applications\MikTex\tex/generic/pgf/systemlayer\pgfsysprotocol.code.tex
File: pgfsysprotocol.code.tex 2025-08-29 v3.1.11a (3.1.11a)
))
(D:\Applications\MikTex\tex/generic/pgf/basiclayer\pgfcore.code.tex
Package: pgfcore 2025-08-29 v3.1.11a (3.1.11a)

(D:\Applications\MikTex\tex/generic/pgf/math\pgfmath.code.tex
(D:\Applications\MikTex\tex/generic/pgf/math\pgfmathutil.code.tex)
(D:\Applications\MikTex\tex/generic/pgf/math\pgfmathparser.code.tex
\pgfmath@dimen=\dimen182
\pgfmath@count=\count306
\pgfmath@box=\box59
\pgfmath@toks=\toks41
\pgfmath@stack@operand=\toks42
\pgfmath@stack@operation=\toks43
)
(D:\Applications\MikTex\tex/generic/pgf/math\pgfmathfunctions.code.tex)
(D:\Applications\MikTex\tex/generic/pgf/math\pgfmathfunctions.basic.code.tex)
(D:\Applications\MikTex\tex/generic/pgf/math\pgfmathfunctions.trigonometric.cod
e.tex)
(D:\Applications\MikTex\tex/generic/pgf/math\pgfmathfunctions.random.code.tex)
(D:\Applications\MikTex\tex/generic/pgf/math\pgfmathfunctions.comparison.code.t
ex) (D:\Applications\MikTex\tex/generic/pgf/math\pgfmathfunctions.base.code.tex
) (D:\Applications\MikTex\tex/generic/pgf/math\pgfmathfunctions.round.code.tex)
(D:\Applications\MikTex\tex/generic/pgf/math\pgfmathfunctions.misc.code.tex)
(D:\Applications\MikTex\tex/generic/pgf/math\pgfmathfunctions.integerarithmetic
s.code.tex) (D:\Applications\MikTex\tex/generic/pgf/math\pgfmathcalc.code.tex)
(D:\Applications\MikTex\tex/generic/pgf/math\pgfmathfloat.code.tex
\c@pgfmathroundto@lastzeros=\count307
))
(D:\Applications\MikTex\tex/generic/pgf/math\pgfint.code.tex)
(D:\Applications\MikTex\tex/generic/pgf/basiclayer\pgfcorepoints.code.tex
File: pgfcorepoints.code.tex 2025-08-29 v3.1.11a (3.1.11a)
\pgf@picminx=\dimen183
\pgf@picmaxx=\dimen184
\pgf@picminy=\dimen185
\pgf@picmaxy=\dimen186
\pgf@pathminx=\dimen187
\pgf@pathmaxx=\dimen188
\pgf@pathminy=\dimen189
\pgf@pathmaxy=\dimen190
\pgf@xx=\dimen191
\pgf@xy=\dimen192
\pgf@yx=\dimen193
\pgf@yy=\dimen194
\pgf@zx=\dimen195
\pgf@zy=\dimen196
)
(D:\Applications\MikTex\tex/generic/pgf/basiclayer\pgfcorepathconstruct.code.te
x
File: pgfcorepathconstruct.code.tex 2025-08-29 v3.1.11a (3.1.11a)
\pgf@path@lastx=\dimen197
\pgf@path@lasty=\dimen198
) (D:\Applications\MikTex\tex/generic/pgf/basiclayer\pgfcorepathusage.code.tex
File: pgfcorepathusage.code.tex 2025-08-29 v3.1.11a (3.1.11a)
\pgf@shorten@end@additional=\dimen199
\pgf@shorten@start@additional=\dimen256
) (D:\Applications\MikTex\tex/generic/pgf/basiclayer\pgfcorescopes.code.tex
File: pgfcorescopes.code.tex 2025-08-29 v3.1.11a (3.1.11a)
\pgfpic=\box60
\pgf@hbox=\box61
\pgf@layerbox@main=\box62
\pgf@picture@serial@count=\count308
)
(D:\Applications\MikTex\tex/generic/pgf/basiclayer\pgfcoregraphicstate.code.tex
File: pgfcoregraphicstate.code.tex 2025-08-29 v3.1.11a (3.1.11a)
\pgflinewidth=\dimen257
)
(D:\Applications\MikTex\tex/generic/pgf/basiclayer\pgfcoretransformations.code.
tex
File: pgfcoretransformations.code.tex 2025-08-29 v3.1.11a (3.1.11a)
\pgf@pt@x=\dimen258
\pgf@pt@y=\dimen259
\pgf@pt@temp=\dimen260
) (D:\Applications\MikTex\tex/generic/pgf/basiclayer\pgfcorequick.code.tex
File: pgfcorequick.code.tex 2025-08-29 v3.1.11a (3.1.11a)
)
(D:\Applications\MikTex\tex/generic/pgf/basiclayer\pgfcoreobjects.code.tex
File: pgfcoreobjects.code.tex 2025-08-29 v3.1.11a (3.1.11a)
)
(D:\Applications\MikTex\tex/generic/pgf/basiclayer\pgfcorepathprocessing.code.t
ex
File: pgfcorepathprocessing.code.tex 2025-08-29 v3.1.11a (3.1.11a)
) (D:\Applications\MikTex\tex/generic/pgf/basiclayer\pgfcorearrows.code.tex
File: pgfcorearrows.code.tex 2025-08-29 v3.1.11a (3.1.11a)
\pgfarrowsep=\dimen261
)
(D:\Applications\MikTex\tex/generic/pgf/basiclayer\pgfcoreshade.code.tex
File: pgfcoreshade.code.tex 2025-08-29 v3.1.11a (3.1.11a)
\pgf@max=\dimen262
\pgf@sys@shading@range@num=\count309
\pgf@shadingcount=\count310
)
(D:\Applications\MikTex\tex/generic/pgf/basiclayer\pgfcoreimage.code.tex
File: pgfcoreimage.code.tex 2025-08-29 v3.1.11a (3.1.11a)
)
(D:\Applications\MikTex\tex/generic/pgf/basiclayer\pgfcoreexternal.code.tex
File: pgfcoreexternal.code.tex 2025-08-29 v3.1.11a (3.1.11a)
\pgfexternal@startupbox=\box63
)
(D:\Applications\MikTex\tex/generic/pgf/basiclayer\pgfcorelayers.code.tex
File: pgfcorelayers.code.tex 2025-08-29 v3.1.11a (3.1.11a)
)
(D:\Applications\MikTex\tex/generic/pgf/basiclayer\pgfcoretransparency.code.tex
File: pgfcoretransparency.code.tex 2025-08-29 v3.1.11a (3.1.11a)
) (D:\Applications\MikTex\tex/generic/pgf/basiclayer\pgfcorepatterns.code.tex
File: pgfcorepatterns.code.tex 2025-08-29 v3.1.11a (3.1.11a)
)
(D:\Applications\MikTex\tex/generic/pgf/basiclayer\pgfcorerdf.code.tex
File: pgfcorerdf.code.tex 2025-08-29 v3.1.11a (3.1.11a)
)))
(D:\Applications\MikTex\tex/generic/pgf/modules\pgfmoduleshapes.code.tex
File: pgfmoduleshapes.code.tex 2025-08-29 v3.1.11a (3.1.11a)
\pgfnodeparttextbox=\box64
)
(D:\Applications\MikTex\tex/generic/pgf/modules\pgfmoduleplot.code.tex
File: pgfmoduleplot.code.tex 2025-08-29 v3.1.11a (3.1.11a)
)
(D:\Applications\MikTex\tex/latex/pgf/compatibility\pgfcomp-version-0-65.sty
Package: pgfcomp-version-0-65 2025-08-29 v3.1.11a (3.1.11a)
\pgf@nodesepstart=\dimen263
\pgf@nodesepend=\dimen264
)
(D:\Applications\MikTex\tex/latex/pgf/compatibility\pgfcomp-version-1-18.sty
Package: pgfcomp-version-1-18 2025-08-29 v3.1.11a (3.1.11a)
))
(D:\Applications\MikTex\tex/latex/pgf/utilities\pgffor.sty
(D:\Applications\MikTex\tex/latex/pgf/utilities\pgfkeys.sty
(D:\Applications\MikTex\tex/generic/pgf/utilities\pgfkeys.code.tex))
(D:\Applications\MikTex\tex/latex/pgf/math\pgfmath.sty
(D:\Applications\MikTex\tex/generic/pgf/math\pgfmath.code.tex))
(D:\Applications\MikTex\tex/generic/pgf/utilities\pgffor.code.tex
Package: pgffor 2025-08-29 v3.1.11a (3.1.11a)
\pgffor@iter=\dimen265
\pgffor@skip=\dimen266
\pgffor@stack=\toks44
\pgffor@toks=\toks45
))
(D:\Applications\MikTex\tex/generic/pgf/frontendlayer/tikz\tikz.code.tex
Package: tikz 2025-08-29 v3.1.11a (3.1.11a)

(D:\Applications\MikTex\tex/generic/pgf/libraries\pgflibraryplothandlers.code.t
ex
File: pgflibraryplothandlers.code.tex 2025-08-29 v3.1.11a (3.1.11a)
\pgf@plot@mark@count=\count311
\pgfplotmarksize=\dimen267
)
\tikz@lastx=\dimen268
\tikz@lasty=\dimen269
\tikz@lastxsaved=\dimen270
\tikz@lastysaved=\dimen271
\tikz@lastmovetox=\dimen272
\tikz@lastmovetoy=\dimen273
\tikzleveldistance=\dimen274
\tikzsiblingdistance=\dimen275
\tikz@figbox=\box65
\tikz@figbox@bg=\box66
\tikz@tempbox=\box67
\tikz@tempbox@bg=\box68
\tikztreelevel=\count312
\tikznumberofchildren=\count313
\tikznumberofcurrentchild=\count314
\tikz@fig@count=\count315
 (D:\Applications\MikTex\tex/generic/pgf/modules\pgfmodulematrix.code.tex
File: pgfmodulematrix.code.tex 2025-08-29 v3.1.11a (3.1.11a)
\pgfmatrixcurrentrow=\count316
\pgfmatrixcurrentcolumn=\count317
\pgf@matrix@numberofcolumns=\count318
)
\tikz@expandcount=\count319

(D:\Applications\MikTex\tex/generic/pgf/frontendlayer/tikz/libraries\tikzlibrar
ytopaths.code.tex
File: tikzlibrarytopaths.code.tex 2025-08-29 v3.1.11a (3.1.11a)
)))
(D:\Applications\MikTex\tex/generic/pgf/frontendlayer/tikz/libraries\tikzlibrar
yarrows.code.tex
File: tikzlibraryarrows.code.tex 2025-08-29 v3.1.11a (3.1.11a)

(D:\Applications\MikTex\tex/generic/pgf/libraries\pgflibraryarrows.code.tex
File: pgflibraryarrows.code.tex 2025-08-29 v3.1.11a (3.1.11a)
\arrowsize=\dimen276
))
(D:\Applications\MikTex\tex/generic/pgf/frontendlayer/tikz/libraries\tikzlibrar
ypatterns.code.tex
File: tikzlibrarypatterns.code.tex 2025-08-29 v3.1.11a (3.1.11a)

(D:\Applications\MikTex\tex/generic/pgf/libraries\pgflibrarypatterns.code.tex
File: pgflibrarypatterns.code.tex 2025-08-29 v3.1.11a (3.1.11a)
))
\tkz@XF=\dimen277
\tkz@YF=\dimen278
\c@tkz@cnt@line=\count320
\c@tkz@cnt@lg=\count321
\c@tkz@cnt@cl=\count322
\c@tkz@cnt@pred=\count323
\c@tkz@cnt@temp=\count324
\c@tkz@cnt@arrow=\count325
\c@tkz@cnt@zone=\count326
\c@tkz@cnt@lgnext=\count327
\c@tkz@cnt@clnext=\count328
\c@tkz@cnt@pair=\count329
\c@tkz@cnt@impair=\count330
\c@tkz@cnt@aw=\count331
) (D:\Applications\MikTex\tex/latex/fancyhdr\fancyhdr.sty
Package: fancyhdr 2025/02/07 v5.2 Extensive control of page headers and footers

\f@nch@headwidth=\skip61
\f@nch@offset@elh=\skip62
\f@nch@offset@erh=\skip63
\f@nch@offset@olh=\skip64
\f@nch@offset@orh=\skip65
\f@nch@offset@elf=\skip66
\f@nch@offset@erf=\skip67
\f@nch@offset@olf=\skip68
\f@nch@offset@orf=\skip69
\f@nch@height=\skip70
\f@nch@footalignment=\skip71
\f@nch@widthL=\skip72
\f@nch@widthC=\skip73
\f@nch@widthR=\skip74
\@temptokenb=\toks46
)
(D:\Applications\MikTex\tex/generic/pgf/frontendlayer/tikz/libraries\tikzlibrar
ydecorations.markings.code.tex
(D:\Applications\MikTex\tex/generic/pgf/frontendlayer/tikz/libraries\tikzlibrar
ydecorations.code.tex
(D:\Applications\MikTex\tex/generic/pgf/modules\pgfmoduledecorations.code.tex
\pgfdecoratedcompleteddistance=\dimen279
\pgfdecoratedremainingdistance=\dimen280
\pgfdecoratedinputsegmentcompleteddistance=\dimen281
\pgfdecoratedinputsegmentremainingdistance=\dimen282
\pgf@decorate@distancetomove=\dimen283
\pgf@decorate@repeatstate=\count332
\pgfdecorationsegmentamplitude=\dimen284
\pgfdecorationsegmentlength=\dimen285
)
\tikz@lib@dec@box=\box69
)
(D:\Applications\MikTex\tex/generic/pgf/libraries/decorations\pgflibrarydecorat
ions.markings.code.tex))
(D:\Applications\MikTex\tex/latex/pgfplots\pgfplots.sty
(D:\Applications\MikTex\tex/generic/pgfplots\pgfplots.revision.tex)
Package: pgfplots 2021/05/15 v1.18.1 Data Visualization (1.18.1)

(D:\Applications\MikTex\tex/generic/pgfplots\pgfplots.code.tex
(D:\Applications\MikTex\tex/generic/pgfplots\pgfplotscore.code.tex
\t@pgfplots@toka=\toks47
\t@pgfplots@tokb=\toks48
\t@pgfplots@tokc=\toks49
\pgfplots@tmpa=\dimen286
\c@pgfplots@coordindex=\count333
\c@pgfplots@scanlineindex=\count334

(D:\Applications\MikTex\tex/generic/pgfplots/sys\pgfplotssysgeneric.code.tex))
(D:\Applications\MikTex\tex/generic/pgfplots/libs\pgfplotslibrary.code.tex)
(D:\Applications\MikTex\tex/generic/pgfplots/oldpgfcompatib\pgfplotsoldpgfsupp_
loader.code.tex
(D:\Applications\MikTex\tex/generic/pgf/libraries\pgflibraryfpu.code.tex)
Package pgfplots: loading complementary utilities for your pgf version...
\t@pgf@toka=\toks50
\t@pgf@tokb=\toks51
\t@pgf@tokc=\toks52

(D:\Applications\MikTex\tex/generic/pgfplots/oldpgfcompatib\pgfplotsoldpgfsupp_
pgfutil-common-lists.tex))
(D:\Applications\MikTex\tex/generic/pgfplots/util\pgfplotsutil.code.tex
(D:\Applications\MikTex\tex/generic/pgfplots/liststructure\pgfplotsliststructur
e.code.tex)
(D:\Applications\MikTex\tex/generic/pgfplots/liststructure\pgfplotsliststructur
eext.code.tex)
(D:\Applications\MikTex\tex/generic/pgfplots/liststructure\pgfplotsarray.code.t
ex
\c@pgfplotsarray@tmp=\count335
)
(D:\Applications\MikTex\tex/generic/pgfplots/liststructure\pgfplotsmatrix.code.
tex)
(D:\Applications\MikTex\tex/generic/pgfplots/numtable\pgfplotstableshared.code.
tex
\c@pgfplotstable@counta=\count336
\t@pgfplotstable@a=\toks53
)
(D:\Applications\MikTex\tex/generic/pgfplots/liststructure\pgfplotsdeque.code.t
ex) (D:\Applications\MikTex\tex/generic/pgfplots/util\pgfplotsbinary.code.tex
(D:\Applications\MikTex\tex/generic/pgfplots/util\pgfplotsbinary.data.code.tex)
) (D:\Applications\MikTex\tex/generic/pgfplots/util\pgfplotsutil.verb.code.tex)

(D:\Applications\MikTex\tex/generic/pgfplots/libs\pgflibrarypgfplots.surfshadin
g.code.tex
\c@pgfplotslibrarysurf@no=\count337

(D:\Applications\MikTex\tex/generic/pgfplots/sys\pgflibrarypgfplots.surfshading
.pgfsys-xetex.def
(D:\Applications\MikTex\tex/generic/pgfplots/sys\pgflibrarypgfplots.surfshading
.pgfsys-dvipdfmx.def
\c@pgfplotslibrarysurf@streamlen=\count338
))))
(D:\Applications\MikTex\tex/generic/pgfplots/util\pgfplotscolormap.code.tex
(D:\Applications\MikTex\tex/generic/pgfplots/util\pgfplotscolor.code.tex))
(D:\Applications\MikTex\tex/generic/pgfplots\pgfplotsstackedplots.code.tex)
(D:\Applications\MikTex\tex/generic/pgfplots\pgfplotsplothandlers.code.tex
(D:\Applications\MikTex\tex/generic/pgfplots\pgfplotsmeshplothandler.code.tex
(D:\Applications\MikTex\tex/generic/pgfplots\pgfplotsmeshplotimage.code.tex)))
(D:\Applications\MikTex\tex/generic/pgfplots\pgfplots.scaling.code.tex)
(D:\Applications\MikTex\tex/generic/pgfplots\pgfplotscoordprocessing.code.tex)
(D:\Applications\MikTex\tex/generic/pgfplots\pgfplots.errorbars.code.tex)
(D:\Applications\MikTex\tex/generic/pgfplots\pgfplots.markers.code.tex)
(D:\Applications\MikTex\tex/generic/pgfplots\pgfplotsticks.code.tex)
(D:\Applications\MikTex\tex/generic/pgfplots\pgfplots.paths.code.tex)
(D:\Applications\MikTex\tex/generic/pgf/frontendlayer/tikz/libraries\tikzlibrar
ydecorations.pathmorphing.code.tex
(D:\Applications\MikTex\tex/generic/pgf/libraries/decorations\pgflibrarydecorat
ions.pathmorphing.code.tex))
(D:\Applications\MikTex\tex/generic/pgf/frontendlayer/tikz/libraries\tikzlibrar
ydecorations.pathreplacing.code.tex
(D:\Applications\MikTex\tex/generic/pgf/libraries/decorations\pgflibrarydecorat
ions.pathreplacing.code.tex))
(D:\Applications\MikTex\tex/generic/pgfplots/libs\tikzlibrarypgfplots.contourlu
a.code.tex)
\pgfplots@numplots=\count339
\pgfplots@xmin@reg=\dimen287
\pgfplots@xmax@reg=\dimen288
\pgfplots@ymin@reg=\dimen289
\pgfplots@ymax@reg=\dimen290
\pgfplots@zmin@reg=\dimen291
\pgfplots@zmax@reg=\dimen292
)
(D:\Applications\MikTex\tex/generic/pgf/frontendlayer/tikz/libraries\tikzlibrar
yplotmarks.code.tex
File: tikzlibraryplotmarks.code.tex 2025-08-29 v3.1.11a (3.1.11a)

(D:\Applications\MikTex\tex/generic/pgf/libraries\pgflibraryplotmarks.code.tex
File: pgflibraryplotmarks.code.tex 2025-08-29 v3.1.11a (3.1.11a)
)))
(D:\Applications\MikTex\tex/generic/pgf/frontendlayer/tikz/libraries\tikzlibrar
ysnakes.code.tex
File: tikzlibrarysnakes.code.tex 2025-08-29 v3.1.11a (3.1.11a)


Package pgf Warning: Snakes have been superseded by decorations. Please use the
 decoration libraries instead of the snakes library on input line 14.


(D:\Applications\MikTex\tex/generic/pgf/frontendlayer/tikz/libraries\tikzlibrar
ydecorations.shapes.code.tex
(D:\Applications\MikTex\tex/generic/pgf/libraries/decorations\pgflibrarydecorat
ions.shapes.code.tex))) (D:\Applications\MikTex\tex/latex/url\url.sty
\Urlmuskip=\muskip18
Package: url 2013/09/16  ver 3.4  Verb mode for urls, etc.
)
(D:\Applications\MikTex\tex/latex/setspace\setspace.sty
Package: setspace 2022/12/04 v6.7b set line spacing
)
(D:\Applications\MikTex\tex/latex/etoolbox\etoolbox.sty
Package: etoolbox 2025/10/02 v2.5m e-TeX tools for LaTeX (JAW)
\etb@tempcnta=\count340
)
(D:\Applications\MikTex\tex/latex/caption\caption.sty
Package: caption 2023/08/05 v3.6o Customizing captions (AR)

(D:\Applications\MikTex\tex/latex/caption\caption3.sty
Package: caption3 2023/07/31 v2.4d caption3 kernel (AR)
\caption@tempdima=\dimen293
\captionmargin=\dimen294
\caption@leftmargin=\dimen295
\caption@rightmargin=\dimen296
\caption@width=\dimen297
\caption@indent=\dimen298
\caption@parindent=\dimen299
\caption@hangindent=\dimen300
Package caption Info: Standard document class detected.
)
\c@caption@flags=\count341
\c@continuedfloat=\count342
Package caption Info: float package is loaded.
)
(D:\Applications\MikTex\tex/latex/tools\verbatim.sty
Package: verbatim 2024-01-22 v1.5x LaTeX2e package for verbatim enhancements
\every@verbatim=\toks54
\verbatim@line=\toks55
\verbatim@in@stream=\read3
)
(D:\Applications\MikTex\tex/latex/fancyvrb\fancyvrb.sty
Package: fancyvrb 2026/08/13 4.7 verbatim text (tvz,hv)
\FV@CodeLineNo=\count343
\FV@InFile=\read4
\FV@TabBox=\box70
\c@FancyVerbLine=\count344
\FV@StepNumber=\count345
\FV@OutFile=\write4
)
(D:\Applications\MikTex\tex/latex/tools\tabularx.sty
Package: tabularx 2023/12/11 v2.12a `tabularx' package (DPC)

(D:\Applications\MikTex\tex/latex/tools\array.sty
Package: array 2025/09/25 v2.6n Tabular extension package (FMi)
\col@sep=\dimen301
\ar@mcellbox=\box71
\extrarowheight=\dimen302
\NC@list=\toks56
\extratabsurround=\skip75
\backup@length=\skip76
\ar@cellbox=\box72
)
\TX@col@width=\dimen303
\TX@old@table=\dimen304
\TX@old@col=\dimen305
\TX@target=\dimen306
\TX@delta=\dimen307
\TX@cols=\count346
\TX@ftn=\toks57
)
(D:\Applications\MikTex\tex/latex/moreverb\moreverb.sty
Package: moreverb 2008/06/03 v2.3a `more' verbatim facilities
\tab@position=\count347
\tab@size=\count348
\listing@line=\count349
)
(D:\Applications\MikTex\tex/latex/algorithms\algorithm.sty
Invalid UTF-8 byte or sequence at line 11 replaced by U+FFFD.
Package: algorithm 2009/08/24 v0.1 Document Style `algorithm' - floating enviro
nment
\@float@every@algorithm=\toks58
\c@algorithm=\count350
)
(D:\Applications\MikTex\tex/latex/doublestroke\dsfont.sty
Package: dsfont 1995/08/01 v0.1 Double stroke roman fonts
)
(D:\Applications\MikTex\tex/latex/algorithmicx\algpseudocode.sty
Package: algpseudocode 

(D:\Applications\MikTex\tex/latex/algorithmicx\algorithmicx.sty
Package: algorithmicx 2005/04/27 v1.2 Algorithmicx

Document Style algorithmicx 1.2 - a greatly improved `algorithmic' style
\c@ALG@line=\count351
\c@ALG@rem=\count352
\c@ALG@nested=\count353
\ALG@tlm=\skip77
\ALG@thistlm=\skip78
\c@ALG@Lnr=\count354
\c@ALG@blocknr=\count355
\c@ALG@storecount=\count356
\c@ALG@tmpcounter=\count357
\ALG@tmplength=\skip79
)
Document Style - pseudocode environments for use with the `algorithmicx' style
) (D:\Applications\MikTex\tex/latex/natbib\natbib.sty
Package: natbib 2010/09/13 8.31b (PWD, AO)
\bibhang=\skip80
\bibsep=\skip81
LaTeX Info: Redefining \cite on input line 694.
\c@NAT@ctr=\count358
)
(D:\Applications\MikTex\tex/latex/hyperref\hyperref.sty
Package: hyperref 2025-07-12 v7.01o Hypertext links for LaTeX

(D:\Applications\MikTex\tex/generic/iftex\iftex.sty
Package: iftex 2024/12/12 v1.0g TeX engine tests
)
(D:\Applications\MikTex\tex/latex/kvsetkeys\kvsetkeys.sty
Package: kvsetkeys 2022-10-05 v1.19 Key value parser (HO)
)
(D:\Applications\MikTex\tex/generic/kvdefinekeys\kvdefinekeys.sty
Package: kvdefinekeys 2019-12-19 v1.6 Define keys (HO)
)
(D:\Applications\MikTex\tex/generic/pdfescape\pdfescape.sty
Package: pdfescape 2019/12/09 v1.15 Implements pdfTeX's escape features (HO)

(D:\Applications\MikTex\tex/generic/ltxcmds\ltxcmds.sty
Package: ltxcmds 2023-12-04 v1.26 LaTeX kernel commands for general use (HO)
)
(D:\Applications\MikTex\tex/generic/pdftexcmds\pdftexcmds.sty
Package: pdftexcmds 2020-06-27 v0.33 Utility functions of pdfTeX for LuaTeX (HO
)

(D:\Applications\MikTex\tex/generic/infwarerr\infwarerr.sty
Package: infwarerr 2019/12/03 v1.5 Providing info/warning/error messages (HO)
)
Package pdftexcmds Info: \pdf@primitive is available.
Package pdftexcmds Info: \pdf@ifprimitive is available.
Package pdftexcmds Info: \pdfdraftmode not found.
))
(D:\Applications\MikTex\tex/latex/hycolor\hycolor.sty
Package: hycolor 2020-01-27 v1.10 Color options for hyperref/bookmark (HO)
)
(D:\Applications\MikTex\tex/latex/hyperref\nameref.sty
Package: nameref 2025-06-21 v2.57 Cross-referencing by name of section

(D:\Applications\MikTex\tex/latex/refcount\refcount.sty
Package: refcount 2019/12/15 v3.6 Data extraction from label references (HO)
)
(D:\Applications\MikTex\tex/generic/gettitlestring\gettitlestring.sty
Package: gettitlestring 2019/12/15 v1.6 Cleanup title references (HO)

(D:\Applications\MikTex\tex/latex/kvoptions\kvoptions.sty
Package: kvoptions 2022-06-15 v3.15 Key value format for package options (HO)
))
\c@section@level=\count359
)
(D:\Applications\MikTex\tex/generic/stringenc\stringenc.sty
Package: stringenc 2019/11/29 v1.12 Convert strings between diff. encodings (HO
)
)
\@linkdim=\dimen308
\Hy@linkcounter=\count360
\Hy@pagecounter=\count361

(D:\Applications\MikTex\tex/latex/hyperref\pd1enc.def
File: pd1enc.def 2025-07-12 v7.01o Hyperref: PDFDocEncoding definition (HO)
)
(D:\Applications\MikTex\tex/generic/intcalc\intcalc.sty
Package: intcalc 2019/12/15 v1.3 Expandable calculations with integers (HO)
)
\Hy@SavedSpaceFactor=\count362

(D:\Applications\MikTex\tex/latex/hyperref\puenc.def
File: puenc.def 2025-07-12 v7.01o Hyperref: PDF Unicode definition (HO)
)
Package hyperref Info: Option `colorlinks' set `true' on input line 4066.
Package hyperref Info: Hyper figures OFF on input line 4195.
Package hyperref Info: Link nesting OFF on input line 4200.
Package hyperref Info: Hyper index ON on input line 4203.
Package hyperref Info: Plain pages OFF on input line 4210.
Package hyperref Info: Backreferencing OFF on input line 4215.
Package hyperref Info: Implicit mode ON; LaTeX internals redefined.
Package hyperref Info: Bookmarks ON on input line 4462.
\c@Hy@tempcnt=\count363
LaTeX Info: Redefining \url on input line 4801.
\XeTeXLinkMargin=\dimen309

(D:\Applications\MikTex\tex/generic/bitset\bitset.sty
Package: bitset 2019/12/09 v1.3 Handle bit-vector datatype (HO)

(D:\Applications\MikTex\tex/generic/bigintcalc\bigintcalc.sty
Package: bigintcalc 2019/12/15 v1.5 Expandable calculations on big integers (HO
)
))
\Fld@menulength=\count364
\Field@Width=\dimen310
\Fld@charsize=\dimen311
Package hyperref Info: Hyper figures OFF on input line 6078.
Package hyperref Info: Link nesting OFF on input line 6083.
Package hyperref Info: Hyper index ON on input line 6086.
Package hyperref Info: backreferencing OFF on input line 6093.
Package hyperref Info: Link coloring ON on input line 6096.
Package hyperref Info: Link coloring with OCG OFF on input line 6103.
Package hyperref Info: PDF/A mode OFF on input line 6108.
\Hy@abspage=\count365
\c@Item=\count366
\c@Hfootnote=\count367
)
Package hyperref Info: Driver (autodetected): hxetex.

(D:\Applications\MikTex\tex/latex/hyperref\hxetex.def
File: hxetex.def 2025-07-12 v7.01o Hyperref driver for XeTeX
\pdfm@box=\box73
\c@Hy@AnnotLevel=\count368
\HyField@AnnotCount=\count369
\Fld@listcount=\count370
\c@bookmark@seq@number=\count371

(D:\Applications\MikTex\tex/latex/rerunfilecheck\rerunfilecheck.sty
Package: rerunfilecheck 2025-06-21 v1.11 Rerun checks for auxiliary files (HO)

(D:\Applications\MikTex\tex/generic/uniquecounter\uniquecounter.sty
Package: uniquecounter 2019/12/15 v1.4 Provide unlimited unique counter (HO)
)
Package uniquecounter Info: New unique counter `rerunfilecheck' on input line 2
84.
)
\Hy@SectionHShift=\skip82
)
(D:\Applications\MikTex\tex/latex/geometry\geometry.sty
Package: geometry 2026/03/07 v6.0 Page Geometry

(D:\Applications\MikTex\tex/generic/iftex\ifvtex.sty
Package: ifvtex 2019/10/25 v1.7 ifvtex legacy package. Use iftex instead.
)
\Gm@cnth=\count372
\Gm@cntv=\count373
\c@Gm@tempcnt=\count374
\Gm@bindingoffset=\dimen312
\Gm@wd@mp=\dimen313
\Gm@odd@mp=\dimen314
\Gm@even@mp=\dimen315
\Gm@layoutwidth=\dimen316
\Gm@layoutheight=\dimen317
\Gm@layouthoffset=\dimen318
\Gm@layoutvoffset=\dimen319
\Gm@dimlist=\toks59

(D:\Applications\MikTex\tex/latex/geometry\geometry.cfg))
(D:\Applications\MikTex\tex/latex/tocbibind\tocbibind.sty
Package: tocbibind 2026/06/01 v1.5l extra ToC listings
Package tocbibind Info: The document has chapter divisions on input line 50.


Package tocbibind Note: Using chapter style headings, unless overridden.

) (D:\Applications\MikTex\tex/latex/tools\multicol.sty
Package: multicol 2025/10/21 v2.0b multicolumn formatting (FMi)
\c@tracingmulticols=\count375
\mult@box=\box74
\multicol@leftmargin=\dimen320
\c@unbalance=\count376
\c@collectmore=\count377
\doublecol@number=\count378
\multicoltolerance=\count379
\multicolpretolerance=\count380
\full@width=\dimen321
\page@free=\dimen322
\premulticols=\dimen323
\postmulticols=\dimen324
\multicolsep=\skip83
\multicolbaselineskip=\skip84
\partial@page=\box75
\last@line=\box76
\mc@boxedresult=\box77
\maxbalancingoverflow=\dimen325
\mult@rightbox=\box78
\mult@grightbox=\box79
\mult@firstbox=\box80
\mult@gfirstbox=\box81
\@tempa=\box82
\@tempa=\box83
\@tempa=\box84
\@tempa=\box85
\@tempa=\box86
\@tempa=\box87
\@tempa=\box88
\@tempa=\box89
\@tempa=\box90
\@tempa=\box91
\@tempa=\box92
\@tempa=\box93
\@tempa=\box94
\@tempa=\box95
\@tempa=\box96
\@tempa=\box97
\@tempa=\box98
\@tempa=\box99
\@tempa=\box100
\@tempa=\box101
\@tempa=\box102
\@tempa=\box103
\@tempa=\box104
\@tempa=\box105
\@tempa=\box106
\@tempa=\box107
\@tempa=\box108
\@tempa=\box109
\@tempa=\box110
\@tempa=\box111
\@tempa=\box112
\@tempa=\box113
\@tempa=\box114
\@tempa=\box115
\@tempa=\box116
\@tempa=\box117
\c@minrows=\count381
\c@columnbadness=\count382
\c@finalcolumnbadness=\count383
\last@try=\dimen326
\multicolovershoot=\dimen327
\multicolundershoot=\dimen328
\mult@nat@firstbox=\box118
\colbreak@box=\box119
\mc@col@check@num=\count384
\g__mc_curr_col_int=\count385
)
(D:\Applications\MikTex\tex/latex/xepersian\xepersian.sty
Package: xepersian 2026/01/01 v26.01.01 (Release Iran) Persian typesetting in X
eLaTeX

****************************************************
* 
* xepersian package (Persian for LaTeX format in XeTeX and LuaTeX engines)
* 
* Description: A convenient interface for typesetting Persian and
English documents with LaTeX format in XeTeX and LuaTeX engines.
* 
* Copyright (c) 2008--2026 Vafa Khalighi
* Copyright (c) 2018--2020 bidi-tex GitHub Organization
* 
* v26.01.01 (Release Iran), 2026/01/01
* 
* License: LaTeX Project Public License, version
* 1.3c or higher (your choice)
* 
* Location on CTAN: /macros/unicodetex/latex/xepersian
* 
* Issue tracker: https://github.com/xepersian/xepersian/issues
* 
* Primary author of xepersian package: Vafa Khalighi.
* 
****************************************************
(D:\Applications\MikTex\tex/latex/fontspec\fontspec.sty
(D:\Applications\MikTex\tex/latex/l3packages/xparse\xparse.sty
(D:\Applications\MikTex\tex/latex/l3kernel\expl3.sty
Package: expl3 2025-12-24 L3 programming layer (loader) 

(D:\Applications\MikTex\tex/latex/l3backend\l3backend-xetex.def
File: l3backend-xetex.def 2025-10-09 L3 backend support: XeTeX
\g__graphics_track_int=\count386
\g__pdfannot_backend_int=\count387
\g__pdfannot_backend_link_int=\count388
))
Package: xparse 2025-10-09 L3 Experimental document command parser
)
Package: fontspec 2025/09/29 v2.9g Font selection for XeLaTeX and LuaLaTeX

(D:\Applications\MikTex\tex/latex/fontspec\fontspec-xetex.sty
Package: fontspec-xetex 2025/09/29 v2.9g Font selection for XeLaTeX and LuaLaTe
X
\l__fontspec_script_int=\count389
\l__fontspec_language_int=\count390
\l__fontspec_strnum_int=\count391
\l__fontspec_tmp_int=\count392
\l__fontspec_tmpa_int=\count393
\l__fontspec_tmpb_int=\count394
\l__fontspec_tmpc_int=\count395
\l__fontspec_em_int=\count396
\l__fontspec_emdef_int=\count397
\l__fontspec_strong_int=\count398
\l__fontspec_strongdef_int=\count399
\l__fontspec_tmpa_dim=\dimen329
\l__fontspec_tmpb_dim=\dimen330
\l__fontspec_tmpc_dim=\dimen331

(D:\Applications\MikTex\tex/latex/base\fontenc.sty
Package: fontenc 2025/07/18 v2.1d Standard LaTeX package
)
(D:\Applications\MikTex\tex/latex/fontspec\fontspec.cfg)))
(D:\Applications\MikTex\tex/latex/xepersian\unicode-persiancal.sty
Package: unicode-persiancal 2025/01/01 v0.3 Unicode Persian calendar
\XePersian@i=\count400
\XePersian@y=\count401
\XePersian@m=\count402
\XePersian@d=\count403
\XePersian@latini=\count404
\XePersian@persiani=\count405
\XePersian@latinii=\count406
\XePersian@persianii=\count407
\XePersian@latiniii=\count408
\XePersian@persianiii=\count409
\XePersian@latiniv=\count410
\XePersian@persianiv=\count411
\XePersian@latinv=\count412
\XePersian@persianv=\count413
\XePersian@latinvi=\count414
\XePersian@persianvi=\count415
\XePersian@latinvii=\count416
\XePersian@persianvii=\count417
\XePersian@latinviii=\count418
\XePersian@persianviii=\count419
\XePersian@latinix=\count420
\XePersian@persianix=\count421
\XePersian@latinx=\count422
\XePersian@persianx=\count423
\XePersian@latinxi=\count424
\XePersian@persianxi=\count425
\XePersian@latinxii=\count426
\XePersian@persianxii=\count427
\XePersian@persianxiii=\count428
\XePersian@temp=\count429
\XePersian@temptwo=\count430
\XePersian@tempthree=\count431
\XePersian@yModHundred=\count432
\XePersian@thirtytwo=\count433
\XePersian@dn=\count434
\XePersian@sn=\count435
\XePersian@mminusone=\count436
)
(D:\Applications\MikTex\tex/latex/xepersian\unicode-persianmath.sty
Package: unicode-persianmath 2026/01/01 v1.2.6 Unicode Persian math
)
(D:\Applications\MikTex\tex/latex/bidi\bidi.sty
Package: bidi 2026/01/08 v26.01.08 (Release Iran) Bidirectional typesetting in 
plain TeX and LaTeX

****************************************************
* 
* bidi package (Bidirectional typesetting with
* plain TeX and LaTeX formats in XeTeX and LuaTeX engines)
* 
* Description: A convenient interface for
* typesetting bidirectional texts in plain TeX
* and LaTeX. The package includes adaptations
* for use with many other commonly-used packages.
* 
* Copyright (c) 2007--2026 Vafa Khalighi
* Copyright (c) 2018--2020 bidi-tex GitHub organization
* 
* v26.01.08 (Release Iran), 2026/01/08
* 
* License: LaTeX Project Public License, version
* 1.3c or higher (your choice)
* 
* Location on CTAN: /macros/unicodetex/generic/bidi
* 
* Issue tracker: https://github.com/xepersian/bidi/issues
* 
* Primary author of bidi package: Vafa Khalighi.
* 
****************************************************
(D:\Applications\MikTex\tex/latex/bidi\biditools.sty
Package: biditools 2025/12/19 v2.9 Programming tools for bidi package
\@bidi@envbody=\toks60
\@bidi@emptytoks=\toks61
\bidi@poscount=\count437
\bidi@tempcountb=\count438
\bidi@temptoksa=\toks62
\bidi@temptoksb=\toks63
\bidi@dummies=\count439
\bidi@are@these@correct=\toks64
\bidi@toks@lista=\toks65
\bidi@toks@listb=\toks66
\bidi@stack@length=\count440
\bidi@empty@stack=\toks67
\bidi@looprepeat@depth=\count441
)
(D:\Applications\MikTex\tex/latex/zref\zref-abspage.sty
Package: zref-abspage 2026-03-07 v2.37 Module abspage for zref (HO)

(D:\Applications\MikTex\tex/latex/zref\zref-base.sty
Package: zref-base 2026-03-07 v2.37 Module base for zref (HO)

(D:\Applications\MikTex\tex/generic/etexcmds\etexcmds.sty
Package: etexcmds 2019/12/15 v1.7 Avoid name clashes with e-TeX commands (HO)
)
(D:\Applications\MikTex\tex/latex/auxhook\auxhook.sty
Package: auxhook 2019-12-17 v1.6 Hooks for auxiliary files (HO)
)
Package zref Info: New property list: main on input line 767.
Package zref Info: New property: default on input line 768.
Package zref Info: New property: page on input line 769.
)
\c@abspage=\count442
Package zref Info: New property: abspage on input line 67.
)
\@bidi@copyins@=\insert252
\bidi@typesethour=\count443
\bidi@typesetminute=\count444

(D:\Applications\MikTex\tex/latex/bidi\latex-xetex-bidi.def
File: latex-xetex-bidi.def 2025/12/19 v1.5.6 bidi adaptations for `latex.ltx' f
or XeTeX engine
\bidi@n@everypar=\toks68
LaTeX Info: Redefining \centerline on input line 317.
LaTeX Info: Redefining \leftline on input line 326.
LaTeX Info: Redefining \rightline on input line 327.
LaTeX Info: Redefining \underline on input line 335.
\bidi@column@check@number=\count445

(D:\Applications\MikTex\tex/latex/bidi\footnote-xetex-bidi.def
File: footnote-xetex-bidi.def 2025/09/30 v1.6 bidi footnote macros for XeTeX en
gine
\c@footdir@label=\count446
\footdir@toks=\toks69
)
(D:\Applications\MikTex\tex/latex/bidi\report-xetex-bidi.def
File: report-xetex-bidi.def 2025/12/19 v1.3 bidi adaptations for standard repor
t class for XeTeX engine
)
(D:\Applications\MikTex\tex/latex/bidi\amsmath-xetex-bidi.def
File: amsmath-xetex-bidi.def 2020/05/16 v1.2 bidi adaptations for amsmath packa
ge for XeTeX engine
)
(D:\Applications\MikTex\tex/latex/bidi\amstext-xetex-bidi.def
File: amstext-xetex-bidi.def 2016/09/12 v0.2 bidi adaptations for amstext packa
ge for XeTeX engine
)
(D:\Applications\MikTex\tex/latex/bidi\amsthm-xetex-bidi.def
File: amsthm-xetex-bidi.def 2010/07/25 v0.1 bidi adaptations for amsthm package
 for XeTeX engine
)
(D:\Applications\MikTex\tex/latex/bidi\array-xetex-bidi.def
File: array-xetex-bidi.def 2025/12/06 v0.8 bidi adaptations for array package f
or XeTeX engine
)
(D:\Applications\MikTex\tex/latex/bidi\caption-xetex-bidi.def
File: caption-xetex-bidi.def 2010/07/25 v0.1 bidi adaptations for caption packa
ge for XeTeX engine
)
(D:\Applications\MikTex\tex/latex/bidi\caption3-xetex-bidi.def
File: caption3-xetex-bidi.def 2013/04/01 v0.1 bidi adaptations for caption3 pac
kage for XeTeX engine
)
(D:\Applications\MikTex\tex/latex/bidi\color-xetex-bidi.def
File: color-xetex-bidi.def 2013/04/08 v0.2 bidi adaptations for color package f
or XeTeX engine
LaTeX Info: Redefining \color on input line 50.
)
(D:\Applications\MikTex\tex/latex/bidi\fancyhdr-xetex-bidi.def
File: fancyhdr-xetex-bidi.def 2025/09/03 v1.0 bidi adaptations for fancyhdr pac
kage for XeTeX engine
)
(D:\Applications\MikTex\tex/latex/bidi\float-xetex-bidi.def
File: float-xetex-bidi.def 2013/04/04 v0.2 bidi adaptations for float package f
or XeTeX engine
)
(D:\Applications\MikTex\tex/latex/bidi\geometry-xetex-bidi.def
File: geometry-xetex-bidi.def 2017/01/14 v0.2 bidi adaptations for geometry pac
kage for XeTeX engine
)
(D:\Applications\MikTex\tex/latex/bidi\graphicx-xetex-bidi.def
File: graphicx-xetex-bidi.def 2017/06/17 v0.5 bidi adaptations for graphicx pac
kage for XeTeX engine
)
(D:\Applications\MikTex\tex/latex/bidi\hyperref-xetex-bidi.def
File: hyperref-xetex-bidi.def 2025/12/06 v1.5 bidi adaptations for hyperref pac
kage for XeTeX engine
)
(D:\Applications\MikTex\tex/latex/bidi\mathtools-xetex-bidi.def
File: mathtools-xetex-bidi.def 2025/01/03 v0.2 bidi adaptations for mathtools p
ackage for XeTeX engine
)
(D:\Applications\MikTex\tex/latex/bidi\multicol-xetex-bidi.def
File: multicol-xetex-bidi.def 2025/09/30 v1.5 bidi adaptations for multicol pac
kage for XeTeX engine
)
(D:\Applications\MikTex\tex/latex/bidi\natbib-xetex-bidi.def
File: natbib-xetex-bidi.def 2017/06/09 v0.2 bidi adaptations for natbib package
 for XeTeX engine
)
(D:\Applications\MikTex\tex/latex/bidi\pgfsys-xetex-bidi.def
File: pgfsys-xetex-bidi.def 2025/01/05 v0.1 bidi adaptations for pgfsys package
 for XeTeX engine
)
(D:\Applications\MikTex\tex/latex/bidi\tabularx-xetex-bidi.def
File: tabularx-xetex-bidi.def 2014/11/08 v0.1 bidi adaptations for tabularx pac
kage for XeTeX engine
)
(D:\Applications\MikTex\tex/latex/bidi\tocbibind-xetex-bidi.def
File: tocbibind-xetex-bidi.def 2025/01/03 v0.5 bidi adaptations for tocbibind p
ackage for XeTeX engine
)
(D:\Applications\MikTex\tex/latex/bidi\xcolor-xetex-bidi.def
File: xcolor-xetex-bidi.def 2022/06/13 v0.3 bidi adaptations for xcolor package
 for XeTeX engine
LaTeX Info: Redefining \color on input line 49.
LaTeX Info: Redefining \bidicolor on input line 92.
)
(D:\Applications\MikTex\tex/latex/bidi\pgfcorescopes.code-xetex-bidi.def
File: pgfcorescopes.code-xetex-bidi.def 2015/11/14 v0.1 bidi adaptations for pg
f package for XeTeX engine
))
(D:\Applications\MikTex\tex/latex/bidi\extrafootnotefeatures-xetex-bidi.def
File: extrafootnotefeatures-xetex-bidi.def 2025/09/13 v2.8 bidi extra footnote 
features for XeTeX engine
\bidi@columnwidth=\dimen332
\footmarkwidth=\skip85
\footinsdim=\skip86
\footinsv@r=\insert251
\footinsv@l=\insert250
\@mpfootinsv@r=\insert249
\@mpfootinsv@l=\insert248
\m@m@k=\count447
\m@m@h=\dimen333
\m@mipn@skip=\skip87
)
\bidi@digits=\count448
\bidi@digits@charclass=\XeTeXcharclass1
\bidi@sepmark@charclass=\XeTeXcharclass2
)
\xepersian@tcl=\count449
\xepersian@ilg=\dimen334
\xepersian@strutilg=\dimen335

(D:\Applications\MikTex\tex/latex/xepersian\footnote-xetex-bidi-xetex-xepersian
.def
File: footnote-xetex-bidi-xetex-xepersian.def 2017/08/09 v0.6 xepersian adaptat
ions for footnotes for XeTeX engine
)
(D:\Applications\MikTex\tex/latex/xepersian\extrafootnotefeatures-xetex-bidi-xe
tex-xepersian.def
File: extrafootnotefeatures-xetex-bidi-xetex-xepersian.def 2012/01/01 v0.2 xepe
rsian adaptations for extrafootnotefeatures option for XeTeX engine
)
(D:\Applications\MikTex\tex/latex/xepersian\report-xetex-xepersian.def
File: report-xetex-xepersian.def 2010/07/25 v0.2 xepersian adaptations for repo
rt class for XeTeX engine
)
(D:\Applications\MikTex\tex/latex/xepersian\algorithm-xetex-xepersian.def
File: algorithm-xetex-xepersian.def 2010/07/25 v0.2 xepersian adaptations for a
lgorithm package for XeTeX engine
)
(D:\Applications\MikTex\tex/latex/xepersian\hyperref-xetex-xepersian.def
File: hyperref-xetex-xepersian.def 2022/10/30 v0.8 xepersian adaptations for hy
perref package for XeTeX engine
)
(D:\Applications\MikTex\tex/latex/xepersian\natbib-xetex-xepersian.def
File: natbib-xetex-xepersian.def 2011/08/01 v0.1 xepersian adaptations for natb
ib package for XeTeX engine
LaTeX Info: Redefining \Latincite on input line 245.
)
(D:\Applications\MikTex\tex/latex/xepersian\url-xetex-xepersian.def
File: url-xetex-xepersian.def 2025/09/03 v0.2 xepersian adaptations for url pac
kage for XeTeX engine
)
\xepersian@toks=\toks70
)

Package fontspec Info: 
(fontspec)             Font family 'lmroman10-regular(0)' created for font
(fontspec)             'lmroman10-regular' with options
(fontspec)             [Ligatures=TeX,Path,BoldFont={lmroman10-bold},BoldItalic
Font={lmroman10-bolditalic},ItalicFont={lmroman10-italic},SmallCapsFont={lmroma
ncaps10-regular},SlantedFont={lmromanslant10-regular},BoldSlantedFont={lmromans
lant10-bold}].
(fontspec)              
(fontspec)              This font family consists of the following NFSS
(fontspec)             series/shapes:
(fontspec)              
(fontspec)             - 'normal' (m/n) with NFSS spec.:
(fontspec)             <->"[lmroman10-regular]/OT:script=latn;language=dflt;map
ping=tex-text;"
(fontspec)             - 'small caps'  (m/sc) with NFSS spec.:
(fontspec)             <->"[lmromancaps10-regular]/OT:script=latn;language=dflt
;mapping=tex-text;"
(fontspec)             - 'bold' (b/n) with NFSS spec.:
(fontspec)             <->"[lmroman10-bold]/OT:script=latn;language=dflt;mappin
g=tex-text;"
(fontspec)             - 'bold small caps'  (b/sc) with NFSS spec.:
(fontspec)             <->"[lmromancaps10-regular]/OT:script=latn;language=dflt
;mapping=tex-text;"
(fontspec)             - 'italic' (m/it) with NFSS spec.:
(fontspec)             <->"[lmroman10-italic]/OT:script=latn;language=dflt;mapp
ing=tex-text;"
(fontspec)             - 'italic small caps'  (m/scit) with NFSS spec.:
(fontspec)             <->"[lmromancaps10-regular]/OT:script=latn;language=dflt
;mapping=tex-text;"
(fontspec)             - 'slanted' (m/sl) with NFSS spec.:
(fontspec)             <->"[lmromanslant10-regular]/OT:script=latn;language=dfl
t;mapping=tex-text;"
(fontspec)             - 'slanted small caps'  (m/scsl) with NFSS spec.:
(fontspec)             <->"[lmromancaps10-regular]/OT:script=latn;language=dflt
;mapping=tex-text;"
(fontspec)             - 'bold italic' (b/it) with NFSS spec.:
(fontspec)             <->"[lmroman10-bolditalic]/OT:script=latn;language=dflt;
mapping=tex-text;"
(fontspec)             - 'bold italic small caps'  (b/scit) with NFSS spec.:
(fontspec)             <->"[lmromancaps10-regular]/OT:script=latn;language=dflt
;mapping=tex-text;"
(fontspec)             - 'bold slanted' (b/sl) with NFSS spec.:
(fontspec)             <->"[lmromanslant10-bold]/OT:script=latn;language=dflt;m
apping=tex-text;"
(fontspec)             - 'bold slanted small caps'  (b/scsl) with NFSS spec.:
(fontspec)             <->"[lmromancaps10-regular]/OT:script=latn;language=dflt
;mapping=tex-text;"


(styles/chapterhead.sty)

Package fontspec Info: 
(fontspec)             Yas scale = 1.1.


Package fontspec Info: 
(fontspec)             Yas scale = 1.1.


Package fontspec Info: 
(fontspec)             Yas/B scale = 1.1.


Package fontspec Info: 
(fontspec)             Yas/I scale = 1.1.


Package fontspec Info: 
(fontspec)             Yas/BI scale = 1.1.


Package fontspec Info: 
(fontspec)             Font family 'Yas(0)' created for font 'Yas' with
(fontspec)             options
(fontspec)             [RawFeature={script=arab},Ligatures=PersianTeX,Scale=1.1
].
(fontspec)              
(fontspec)              This font family consists of the following NFSS
(fontspec)             series/shapes:
(fontspec)              
(fontspec)             - 'normal' (m/n) with NFSS spec.:
(fontspec)             <->s*[1.1]"Yas/OT:language=dflt;script=arab;mapping=pers
ian-tex-text;"
(fontspec)             - 'bold' (b/n) with NFSS spec.:
(fontspec)             <->s*[1.1]"Yas/B/OT:language=dflt;script=arab;mapping=pe
rsian-tex-text;"
(fontspec)             - 'italic' (m/it) with NFSS spec.:
(fontspec)             <->s*[1.1]"Yas/I/OT:language=dflt;script=arab;mapping=pe
rsian-tex-text;"
(fontspec)             - 'bold italic' (b/it) with NFSS spec.:
(fontspec)             <->s*[1.1]"Yas/BI/OT:language=dflt;script=arab;mapping=p
ersian-tex-text;"

LaTeX Font Info:    Font shape `TU/Yas(0)/m/n' will be
(Font)              scaled to size 13.20007pt on input line 56.

Package fontspec Info: 
(fontspec)             Times New Roman scale = 1.1.


Package fontspec Info: 
(fontspec)             Times New Roman scale = 1.1.


Package fontspec Info: 
(fontspec)             Times New Roman scale = 1.1.


Package fontspec Info: 
(fontspec)             Times New Roman/B scale = 1.1.


Package fontspec Info: 
(fontspec)             Times New Roman/B scale = 1.1.


Package fontspec Info: 
(fontspec)             Times New Roman/I scale = 1.1.


Package fontspec Info: 
(fontspec)             Times New Roman/I scale = 1.1.


Package fontspec Info: 
(fontspec)             Times New Roman/BI scale = 1.1.


Package fontspec Info: 
(fontspec)             Times New Roman/BI scale = 1.1.


Package fontspec Info: 
(fontspec)             Font family 'TimesNewRoman(0)' created for font 'Times
(fontspec)             New Roman' with options [Ligatures=TeX,Scale=1.1].
(fontspec)              
(fontspec)              This font family consists of the following NFSS
(fontspec)             series/shapes:
(fontspec)              
(fontspec)             - 'normal' (m/n) with NFSS spec.: <->s*[1.1]"Times New
(fontspec)             Roman/OT:script=latn;language=dflt;mapping=tex-text;"
(fontspec)             - 'small caps'  (m/sc) with NFSS spec.:
(fontspec)             <->s*[1.1]"Times New
(fontspec)             Roman/OT:script=latn;language=dflt;+smcp;mapping=tex-tex
t;"
(fontspec)             - 'bold' (b/n) with NFSS spec.: <->s*[1.1]"Times New
(fontspec)             Roman/B/OT:script=latn;language=dflt;mapping=tex-text;"
(fontspec)             - 'bold small caps'  (b/sc) with NFSS spec.:
(fontspec)             <->s*[1.1]"Times New
(fontspec)             Roman/B/OT:script=latn;language=dflt;+smcp;mapping=tex-t
ext;"
(fontspec)             - 'italic' (m/it) with NFSS spec.: <->s*[1.1]"Times New
(fontspec)             Roman/I/OT:script=latn;language=dflt;mapping=tex-text;"
(fontspec)             - 'italic small caps'  (m/scit) with NFSS spec.:
(fontspec)             <->s*[1.1]"Times New
(fontspec)             Roman/I/OT:script=latn;language=dflt;+smcp;mapping=tex-t
ext;"
(fontspec)             - 'bold italic' (b/it) with NFSS spec.:
(fontspec)             <->s*[1.1]"Times New
(fontspec)             Roman/BI/OT:script=latn;language=dflt;mapping=tex-text;"

(fontspec)             - 'bold italic small caps'  (b/scit) with NFSS spec.:
(fontspec)             <->s*[1.1]"Times New
(fontspec)             Roman/BI/OT:script=latn;language=dflt;+smcp;mapping=tex-
text;"

LaTeX Info: Redefining \latinfont on input line 59.

Package fontspec Info: 
(fontspec)             Parsi Digits scale = 1.1.


Package fontspec Info: 
(fontspec)             Parsi Digits scale = 1.1.


Package fontspec Info: 
(fontspec)             Parsi Digits/B scale = 1.1.


Package fontspec Info: 
(fontspec)             Parsi Digits/I scale = 1.1.


Package fontspec Info: 
(fontspec)             Parsi Digits/BI scale = 1.1.


Package fontspec Info: 
(fontspec)             Font family 'ParsiDigits(0)' created for font 'Parsi
(fontspec)             Digits' with options [Ligatures=PersianTeX,Scale=1.1].
(fontspec)              
(fontspec)              This font family consists of the following NFSS
(fontspec)             series/shapes:
(fontspec)              
(fontspec)             - 'normal' (m/n) with NFSS spec.: <->s*[1.1]"Parsi
(fontspec)             Digits/OT:language=dflt;mapping=persian-tex-text;"
(fontspec)             - 'bold' (b/n) with NFSS spec.: <->s*[1.1]"Parsi
(fontspec)             Digits/B/OT:language=dflt;mapping=persian-tex-text;"
(fontspec)             - 'italic' (m/it) with NFSS spec.: <->s*[1.1]"Parsi
(fontspec)             Digits/I/OT:language=dflt;mapping=persian-tex-text;"
(fontspec)             - 'bold italic' (b/it) with NFSS spec.:
(fontspec)             <->s*[1.1]"Parsi
(fontspec)             Digits/BI/OT:language=dflt;mapping=persian-tex-text;"


Package fontspec Info: 
(fontspec)             Parsi Digits scale = 1.1.


Package fontspec Info: 
(fontspec)             Parsi Digits scale = 1.1.


Package fontspec Info: 
(fontspec)             Parsi Digits/B scale = 1.1.


Package fontspec Info: 
(fontspec)             Parsi Digits/I scale = 1.1.


Package fontspec Info: 
(fontspec)             Parsi Digits/BI scale = 1.1.


Package fontspec Info: 
(fontspec)             Font family 'ParsiDigits(1)' created for font 'Parsi
(fontspec)             Digits' with options [Scale=1.1].
(fontspec)              
(fontspec)              This font family consists of the following NFSS
(fontspec)             series/shapes:
(fontspec)              
(fontspec)             - 'normal' (m/n) with NFSS spec.: <->s*[1.1]"Parsi
(fontspec)             Digits/OT:language=dflt;"
(fontspec)             - 'bold' (b/n) with NFSS spec.: <->s*[1.1]"Parsi
(fontspec)             Digits/B/OT:language=dflt;"
(fontspec)             - 'italic' (m/it) with NFSS spec.: <->s*[1.1]"Parsi
(fontspec)             Digits/I/OT:language=dflt;"
(fontspec)             - 'bold italic' (b/it) with NFSS spec.:
(fontspec)             <->s*[1.1]"Parsi Digits/BI/OT:language=dflt;"

Package unicode-persianmath Info: DefiningthedefaultPersianmathdigitsfontas'Par
si Digits' on input line 60.
\sympersianoperators=\mathgroup7
\sympersianoperatorsbf=\mathgroup8
\sympersianoperatorsit=\mathgroup9


! Package unicode-persianmath Error: The font "Parsi Digits" does not contain
(unicode-persianmath)                U+066A.

For immediate help type H <return>.
 ...                                              
                                                  
l.60 \defpersianfont
                    \percentfont[Scale=1.1]{Zar}
? 

Package fontspec Info: 
(fontspec)             Zar scale = 1.1.


Package fontspec Info: 
(fontspec)             Could not resolve font "Zar/I" (it probably doesn't
(fontspec)             exist).


Package fontspec Info: 
(fontspec)             Zar scale = 1.1.


Package fontspec Info: 
(fontspec)             Zar/B scale = 1.1.


Package fontspec Info: 
(fontspec)             Zar/BI scale = 1.1.


Package fontspec Info: 
(fontspec)             Font family 'Zar(0)' created for font 'Zar' with
(fontspec)             options
(fontspec)             [RawFeature={script=arab},Ligatures=PersianTeX,Scale=1.1
].
(fontspec)              
(fontspec)              This font family consists of the following NFSS
(fontspec)             series/shapes:
(fontspec)              
(fontspec)             - 'normal' (m/n) with NFSS spec.:
(fontspec)             <->s*[1.1]"Zar/OT:language=dflt;script=arab;mapping=pers
ian-tex-text;"
(fontspec)             - 'bold' (b/n) with NFSS spec.:
(fontspec)             <->s*[1.1]"Zar/B/OT:language=dflt;script=arab;mapping=pe
rsian-tex-text;"
(fontspec)             - 'bold italic' (b/it) with NFSS spec.:
(fontspec)             <->s*[1.1]"Zar/BI/OT:language=dflt;script=arab;mapping=p
ersian-tex-text;"


Package fontspec Info: 
(fontspec)             XB Titre scale = 1.


Package fontspec Info: 
(fontspec)             Could not resolve font "XB Titre/B" (it probably
(fontspec)             doesn't exist).


Package fontspec Info: 
(fontspec)             XB Titre scale = 1.


Package fontspec Info: 
(fontspec)             XB Titre/I scale = 1.


Package fontspec Info: 
(fontspec)             XB Titre/BI scale = 1.


Package fontspec Info: 
(fontspec)             Font family 'XBTitre(0)' created for font 'XB Titre'
(fontspec)             with options
(fontspec)             [RawFeature={script=arab},Ligatures=PersianTeX,Scale=1].

(fontspec)              
(fontspec)              This font family consists of the following NFSS
(fontspec)             series/shapes:
(fontspec)              
(fontspec)             - 'normal' (m/n) with NFSS spec.: <->s*[1]"XB
(fontspec)             Titre/OT:script=latn;language=dflt;script=arab;mapping=p
ersian-tex-text;"
(fontspec)             - 'italic' (m/it) with NFSS spec.: <->s*[1]"XB
(fontspec)             Titre/I/OT:script=latn;language=dflt;script=arab;mapping
=persian-tex-text;"
(fontspec)             - 'bold italic' (b/it) with NFSS spec.: <->s*[1]"XB
(fontspec)             Titre/BI/OT:script=latn;language=dflt;script=arab;mappin
g=persian-tex-text;"


Package fontspec Info: 
(fontspec)             IranNastaliq scale = .9.


Package fontspec Info: 
(fontspec)             Could not resolve font "IranNastaliq/BI" (it probably
(fontspec)             doesn't exist).


Package fontspec Info: 
(fontspec)             Could not resolve font "IranNastaliq/B" (it probably
(fontspec)             doesn't exist).


Package fontspec Info: 
(fontspec)             Could not resolve font "IranNastaliq/I" (it probably
(fontspec)             doesn't exist).


Package fontspec Info: 
(fontspec)             IranNastaliq scale = .9.


Package fontspec Info: 
(fontspec)             Font family 'IranNastaliq(0)' created for font
(fontspec)             'IranNastaliq' with options
(fontspec)             [RawFeature={script=arab},Ligatures=PersianTeX,Scale=.9]
.
(fontspec)              
(fontspec)              This font family consists of the following NFSS
(fontspec)             series/shapes:
(fontspec)              
(fontspec)             - 'normal' (m/n) with NFSS spec.:
(fontspec)             <->s*[.9]"IranNastaliq/OT:language=dflt;script=arab;mapp
ing=persian-tex-text;"


Package fontspec Info: 
(fontspec)             Times New Roman scale = .9.


Package fontspec Info: 
(fontspec)             Times New Roman scale = .9.


Package fontspec Info: 
(fontspec)             Times New Roman scale = .9.


Package fontspec Info: 
(fontspec)             Times New Roman/B scale = .9.


Package fontspec Info: 
(fontspec)             Times New Roman/B scale = .9.


Package fontspec Info: 
(fontspec)             Times New Roman/I scale = .9.


Package fontspec Info: 
(fontspec)             Times New Roman/I scale = .9.


Package fontspec Info: 
(fontspec)             Times New Roman/BI scale = .9.


Package fontspec Info: 
(fontspec)             Times New Roman/BI scale = .9.


Package fontspec Info: 
(fontspec)             Font family 'TimesNewRoman(1)' created for font 'Times
(fontspec)             New Roman' with options [Ligatures=TeX,Scale=.9].
(fontspec)              
(fontspec)              This font family consists of the following NFSS
(fontspec)             series/shapes:
(fontspec)              
(fontspec)             - 'normal' (m/n) with NFSS spec.: <->s*[.9]"Times New
(fontspec)             Roman/OT:script=latn;language=dflt;mapping=tex-text;"
(fontspec)             - 'small caps'  (m/sc) with NFSS spec.: <->s*[.9]"Times
(fontspec)             New
(fontspec)             Roman/OT:script=latn;language=dflt;+smcp;mapping=tex-tex
t;"
(fontspec)             - 'bold' (b/n) with NFSS spec.: <->s*[.9]"Times New
(fontspec)             Roman/B/OT:script=latn;language=dflt;mapping=tex-text;"
(fontspec)             - 'bold small caps'  (b/sc) with NFSS spec.:
(fontspec)             <->s*[.9]"Times New
(fontspec)             Roman/B/OT:script=latn;language=dflt;+smcp;mapping=tex-t
ext;"
(fontspec)             - 'italic' (m/it) with NFSS spec.: <->s*[.9]"Times New
(fontspec)             Roman/I/OT:script=latn;language=dflt;mapping=tex-text;"
(fontspec)             - 'italic small caps'  (m/scit) with NFSS spec.:
(fontspec)             <->s*[.9]"Times New
(fontspec)             Roman/I/OT:script=latn;language=dflt;+smcp;mapping=tex-t
ext;"
(fontspec)             - 'bold italic' (b/it) with NFSS spec.: <->s*[.9]"Times
(fontspec)             New
(fontspec)             Roman/BI/OT:script=latn;language=dflt;mapping=tex-text;"

(fontspec)             - 'bold italic small caps'  (b/scit) with NFSS spec.:
(fontspec)             <->s*[.9]"Times New
(fontspec)             Roman/BI/OT:script=latn;language=dflt;+smcp;mapping=tex-
text;"


Package fontspec Info: 
(fontspec)             XB Roya scale = 1.


Package fontspec Info: 
(fontspec)             XB Roya scale = 1.


Package fontspec Info: 
(fontspec)             XB Roya/B scale = 1.


Package fontspec Info: 
(fontspec)             XB Roya/I scale = 1.


Package fontspec Info: 
(fontspec)             XB Roya/BI scale = 1.


Package fontspec Info: 
(fontspec)             Font family 'XBRoya(0)' created for font 'XB Roya' with
(fontspec)             options
(fontspec)             [RawFeature={script=arab},Ligatures=PersianTeX,Scale=1].

(fontspec)              
(fontspec)              This font family consists of the following NFSS
(fontspec)             series/shapes:
(fontspec)              
(fontspec)             - 'normal' (m/n) with NFSS spec.: <->s*[1]"XB
(fontspec)             Roya/OT:script=latn;language=dflt;script=arab;mapping=pe
rsian-tex-text;"
(fontspec)             - 'bold' (b/n) with NFSS spec.: <->s*[1]"XB
(fontspec)             Roya/B/OT:script=latn;language=dflt;script=arab;mapping=
persian-tex-text;"
(fontspec)             - 'italic' (m/it) with NFSS spec.: <->s*[1]"XB
(fontspec)             Roya/I/OT:script=latn;language=dflt;script=arab;mapping=
persian-tex-text;"
(fontspec)             - 'bold italic' (b/it) with NFSS spec.: <->s*[1]"XB
(fontspec)             Roya/BI/OT:script=latn;language=dflt;script=arab;mapping
=persian-tex-text;"


Package fontspec Info: 
(fontspec)             XB Roya scale = 1.

\c@theorem=\count450
) (commands/special.tex) (commands/commands.tex)

! LaTeX Error: Missing \begin{document}.

See the LaTeX manual or LaTeX Companion for explanation.
Type  H <return>  for immediate help.
 ...                                              
                                                  
l.29 \%
       placeofmeeting{سالن خوارزمی دانشکده‌ علوم ریاضی}
? 
Runaway argument?
{\small در سال‌های اخیر، معادلات دیفرانس\ETC.
! Paragraph ended before \talkabstract was complete.
<to be read again> 
                   \par 
l.53 
     
? 
! Too many }'s.
l.54 }
      
? 
(D:\Applications\MikTex\tex/latex/bidi\float-xetex-bidi.def
File: float-xetex-bidi.def 2013/04/04 v0.2 bidi adaptations for float package f
or XeTeX engine
) (main.aux)
\openout1 = `main.aux'.

LaTeX Font Info:    Checking defaults for OML/cmm/m/it on input line 123.
LaTeX Font Info:    ... okay on input line 123.
LaTeX Font Info:    Checking defaults for OMS/cmsy/m/n on input line 123.
LaTeX Font Info:    ... okay on input line 123.
LaTeX Font Info:    Checking defaults for OT1/cmr/m/n on input line 123.
LaTeX Font Info:    ... okay on input line 123.
LaTeX Font Info:    Checking defaults for T1/cmr/m/n on input line 123.
LaTeX Font Info:    ... okay on input line 123.
LaTeX Font Info:    Checking defaults for TS1/cmr/m/n on input line 123.
LaTeX Font Info:    ... okay on input line 123.
LaTeX Font Info:    Checking defaults for TU/lmr/m/n on input line 123.
LaTeX Font Info:    ... okay on input line 123.
LaTeX Font Info:    Checking defaults for OMX/cmex/m/n on input line 123.
LaTeX Font Info:    ... okay on input line 123.
LaTeX Font Info:    Checking defaults for U/cmr/m/n on input line 123.
LaTeX Font Info:    ... okay on input line 123.
LaTeX Font Info:    Checking defaults for PD1/pdf/m/n on input line 123.
LaTeX Font Info:    ... okay on input line 123.
LaTeX Font Info:    Checking defaults for PU/pdf/m/n on input line 123.
LaTeX Font Info:    ... okay on input line 123.


Package pgfplots Warning: running in backwards compatibility mode (unsuitable t
ick labels; missing features). Consider writing \pgfplotsset{compat=1.18} into 
your preamble.
 on input line 123.

Package caption Info: Begin \AtBeginDocument code.
Package caption Info: hyperref package is loaded.
Package caption Info: End \AtBeginDocument code.
Package hyperref Info: Link coloring ON on input line 123.
(main.out) (main.out)
\@outlinefile=\write5
\openout5 = `main.out'.


*geometry* driver: auto-detecting
*geometry* detected driver: xetex
*geometry* verbose mode - [ preamble ] result:
* driver: xetex
* paper: <default>
* layout: <same size as paper>
* layoutoffset:(h,v)=(0.0pt,0.0pt)
* modes: 
* h-part:(L,W,R)=(71.13188pt, 457.80486pt, 85.35826pt)
* v-part:(T,H,B)=(85.35826pt, 624.25346pt, 85.35826pt)
* \paperwidth=614.295pt
* \paperheight=794.96999pt
* \textwidth=457.80486pt
* \textheight=624.25346pt
* \oddsidemargin=-1.1381pt
* \evensidemargin=-1.1381pt
* \topmargin=-23.91173pt
* \headheight=12.0pt
* \headsep=25.0pt
* \topskip=12.0pt
* \footskip=30.0pt
* \marginparwidth=44.0pt
* \marginparsep=10.0pt
* \columnsep=10.0pt
* \skip\footins=10.8pt plus 4.0pt minus 2.0pt
* \hoffset=0.0pt
* \voffset=0.0pt
* \mag=1000
* \@twocolumnfalse
* \@twosidefalse
* \@mparswitchfalse
* \@reversemarginfalse
* (1in=72.27pt=25.4mm, 1cm=28.453pt)

LaTeX Font Info:    Font shape `TU/ParsiDigits(0)/m/n' will be
(Font)              scaled to size 13.20007pt on input line 125.
[1

]
File: ./styles/logo.jpg Graphic file (type bmp)
<./styles/logo.jpg>
LaTeX Font Info:    Font shape `TU/XBTitre(0)/m/n' will be
(Font)              scaled to size 12.0pt on input line 125.
LaTeX Font Info:    Font shape `TU/Yas(0)/m/n' will be
(Font)              scaled to size 19.0081pt on input line 125.
LaTeX Font Info:    Font shape `TU/XBTitre(0)/m/n' will be
(Font)              scaled to size 17.28pt on input line 125.
LaTeX Font Info:    Font shape `TU/Yas(0)/m/n' will be
(Font)              scaled to size 15.84007pt on input line 125.
LaTeX Font Info:    Font shape `TU/XBTitre(0)/m/n' will be
(Font)              scaled to size 14.4pt on input line 125.

! Undefined control sequence.
\defpage ...} \par \bigskip زمان: \@timeofmeeting 
                                                  \par \vskip 0.3cm مکان: \@...
l.125 \defpage
                 %{برای تولید اطلاعیه دفاع این دستور را فعال کنید}
? 
! Undefined control sequence.
\defpage ...r \vskip 0.3cm مکان: \@placeofmeeting 
                                                  \par \vskip 0.3cm \par هیئ...
l.125 \defpage
                 %{برای تولید اطلاعیه دفاع این دستور را فعال کنید}
? 
\c@xcntdef=\count451
! Undefined control sequence.
<argument> \@supervisorB 
                         
l.125 \defpage
                 %{برای تولید اطلاعیه دفاع این دستور را فعال کنید}
? 
! Undefined control sequence.
<argument> \@advisor 
                     
l.125 \defpage
                 %{برای تولید اطلاعیه دفاع این دستور را فعال کنید}
? 
! Undefined control sequence.
\defpage ...tdef}{1}\arabic {xcntdef}- \@refereeA 
                                                  \ifthenelse {\equal {\@ref...
l.125 \defpage
                 %{برای تولید اطلاعیه دفاع این دستور را فعال کنید}
? 
! Undefined control sequence.
<argument> \@refereeAUniversity 
                                
l.125 \defpage
                 %{برای تولید اطلاعیه دفاع این دستور را فعال کنید}
? 
! Undefined control sequence.
\defpage ...tdef}{1}\arabic {xcntdef}- \@refereeB 
                                                  \ifthenelse {\equal {\@ref...
l.125 \defpage
                 %{برای تولید اطلاعیه دفاع این دستور را فعال کنید}
? 
! Undefined control sequence.
<argument> \@refereeBUniversity 
                                
l.125 \defpage
                 %{برای تولید اطلاعیه دفاع این دستور را فعال کنید}
? 
! Undefined control sequence.
<argument> \@refereeC 
                      
l.125 \defpage
                 %{برای تولید اطلاعیه دفاع این دستور را فعال کنید}
? 
! Undefined control sequence.
<argument> \@refereeCUniversity 
                                
l.125 \defpage
                 %{برای تولید اطلاعیه دفاع این دستور را فعال کنید}
? 
LaTeX Font Info:    Font shape `TU/Yas(0)/b/n' will be
(Font)              scaled to size 13.20007pt on input line 125.
! Undefined control sequence.
\defpage ...ent چکیده: } \noindent \@talkabstract 
                                                  \par \end {titlepage} 
l.125 \defpage
                 %{برای تولید اطلاعیه دفاع این دستور را فعال کنید}
? 
[1]
File: ./styles/besmellah/156.jpg Graphic file (type bmp)
<./styles/besmellah/156.jpg>
 [1]
File: ./styles/logo.jpg Graphic file (type bmp)
<./styles/logo.jpg>
LaTeX Font Info:    Font shape `TU/Yas(0)/m/n' will be
(Font)              scaled to size 27.36815pt on input line 127.
LaTeX Font Info:    Font shape `TU/XBTitre(0)/m/n' will be
(Font)              scaled to size 24.88pt on input line 127.

! Undefined control sequence.
<argument> \@advisor 
                     
l.127 \firstpage
                  %{ برای تولید صفحه اول پایان نامه این دستور را فعال کنید}
? 
! Undefined control sequence.
<argument> \@supervisorB 
                         
l.127 \firstpage
                  %{ برای تولید صفحه اول پایان نامه این دستور را فعال کنید}
? 
! Undefined control sequence.
<argument> \@supervisorB 
                         
l.127 \firstpage
                  %{ برای تولید صفحه اول پایان نامه این دستور را فعال کنید}
? 
! Undefined control sequence.
<argument> \@advisor 
                     
l.127 \firstpage
                  %{ برای تولید صفحه اول پایان نامه این دستور را فعال کنید}
? 
! Undefined control sequence.
<argument> \@advisor 
                     
l.127 \firstpage
                  %{ برای تولید صفحه اول پایان نامه این دستور را فعال کنید}
? 
[1]
File: ./styles/logo.jpg Graphic file (type bmp)
<./styles/logo.jpg>

! Undefined control sequence.
\approvalpage ...5cm { در تاریخ \ \@dateofmeeting 
                                                  \^^Mتوسط کمیته تخصصی زیر م...
l.128 \approvalpage
                    %{برای تولید صفحه صورتجلسه دفاعیه  این دستور را فعال کنید}
? 
\c@cntdef=\count452
! Undefined control sequence.
<argument> \@supervisorB 
                         
l.128 \approvalpage
                    %{برای تولید صفحه صورتجلسه دفاعیه  این دستور را فعال کنید}
? 
! Undefined control sequence.
<argument> \@advisor 
                     
l.128 \approvalpage
                    %{برای تولید صفحه صورتجلسه دفاعیه  این دستور را فعال کنید}
? 
! Undefined control sequence.
\approvalpage ... داور ۱ \hspace *{4cm}\@refereeA 
                                                  \par \bigskip \hspace *{.2...
l.128 \approvalpage
                    %{برای تولید صفحه صورتجلسه دفاعیه  این دستور را فعال کنید}
? 
! Undefined control sequence.
\approvalpage ... داور ۲ \hspace *{4cm}\@refereeB 
                                                  \par \ifthenelse {\equal {...
l.128 \approvalpage
                    %{برای تولید صفحه صورتجلسه دفاعیه  این دستور را فعال کنید}
? 
! Undefined control sequence.
<argument> \@refereeC 
                      
l.128 \approvalpage
                    %{برای تولید صفحه صورتجلسه دفاعیه  این دستور را فعال کنید}
? 
! Undefined control sequence.
\approvalpage ... \hspace *{2.65cm} \@coordinator 
                                                  } \end {titlepage} 
l.128 \approvalpage
                    %{برای تولید صفحه صورتجلسه دفاعیه  این دستور را فعال کنید}
? 
[1]
LaTeX Font Info:    Font shape `TU/IranNastaliq(0)/m/n' will be
(Font)              scaled to size 15.55188pt on input line 129.
LaTeX Font Info:    Font shape `TU/IranNastaliq(0)/m/n' will be
(Font)              scaled to size 22.39185pt on input line 129.
LaTeX Font Info:    Trying to load font information for U+msa on input line 129
.
 (D:\Applications\MikTex\tex/latex/amsfonts\umsa.fd
File: umsa.fd 2013/01/14 v3.01 AMS symbols A
)
LaTeX Font Info:    Trying to load font information for U+msb on input line 129
.

(D:\Applications\MikTex\tex/latex/amsfonts\umsb.fd
File: umsb.fd 2013/01/14 v3.01 AMS symbols B
)
LaTeX Font Info:    Trying to load font information for U+rsfs on input line 12
9.

(D:\Applications\MikTex\tex/latex/jknappen\ursfs.fd
File: ursfs.fd 1998/03/24 rsfs font definition file (jk)
)
LaTeX Font Info:    Font shape `TU/ParsiDigits(1)/m/n' will be
(Font)              scaled to size 27.36815pt on input line 129.
LaTeX Font Info:    Font shape `TU/ParsiDigits(1)/m/n' will be
(Font)              scaled to size 22.81412pt on input line 129.
LaTeX Font Info:    Font shape `TU/ParsiDigits(1)/m/n' will be
(Font)              scaled to size 19.0081pt on input line 129.
LaTeX Font Info:    Font shape `TU/ParsiDigits(1)/bx/n' in size <24.88> not ava
ilable
(Font)              Font shape `TU/ParsiDigits(1)/b/n' tried instead on input l
ine 129.
LaTeX Font Info:    Font shape `TU/ParsiDigits(1)/b/n' will be
(Font)              scaled to size 27.36815pt on input line 129.
LaTeX Font Info:    Font shape `TU/ParsiDigits(1)/bx/n' in size <20.74> not ava
ilable
(Font)              Font shape `TU/ParsiDigits(1)/b/n' tried instead on input l
ine 129.
LaTeX Font Info:    Font shape `TU/ParsiDigits(1)/b/n' will be
(Font)              scaled to size 22.81412pt on input line 129.
LaTeX Font Info:    Font shape `TU/ParsiDigits(1)/bx/n' in size <17.28> not ava
ilable
(Font)              Font shape `TU/ParsiDigits(1)/b/n' tried instead on input l
ine 129.
LaTeX Font Info:    Font shape `TU/ParsiDigits(1)/b/n' will be
(Font)              scaled to size 19.0081pt on input line 129.
LaTeX Font Info:    Font shape `TU/ParsiDigits(1)/m/it' will be
(Font)              scaled to size 27.36815pt on input line 129.
LaTeX Font Info:    Font shape `TU/ParsiDigits(1)/m/it' will be
(Font)              scaled to size 22.81412pt on input line 129.
LaTeX Font Info:    Font shape `TU/ParsiDigits(1)/m/it' will be
(Font)              scaled to size 19.0081pt on input line 129.
LaTeX Font Info:    Font shape `TU/IranNastaliq(0)/m/n' will be
(Font)              scaled to size 12.9599pt on input line 129.
LaTeX Font Info:    Font shape `TU/ParsiDigits(0)/m/n' will be
(Font)              scaled to size 15.84007pt on input line 129.
 [1]
LaTeX Font Info:    Font shape `TU/Yas(0)/b/n' will be
(Font)              scaled to size 15.84007pt on input line 130.
LaTeX Font Info:    Font shape `TU/ParsiDigits(1)/m/n' will be
(Font)              scaled to size 13.20007pt on input line 130.
LaTeX Font Info:    Font shape `TU/ParsiDigits(1)/m/n' will be
(Font)              scaled to size 8.80005pt on input line 130.
LaTeX Font Info:    Font shape `TU/ParsiDigits(1)/m/n' will be
(Font)              scaled to size 6.60004pt on input line 130.
LaTeX Font Info:    Font shape `TU/ParsiDigits(1)/bx/n' in size <12> not availa
ble
(Font)              Font shape `TU/ParsiDigits(1)/b/n' tried instead on input l
ine 130.
LaTeX Font Info:    Font shape `TU/ParsiDigits(1)/b/n' will be
(Font)              scaled to size 13.20007pt on input line 130.
LaTeX Font Info:    Font shape `TU/ParsiDigits(1)/bx/n' in size <8> not availab
le
(Font)              Font shape `TU/ParsiDigits(1)/b/n' tried instead on input l
ine 130.
LaTeX Font Info:    Font shape `TU/ParsiDigits(1)/b/n' will be
(Font)              scaled to size 8.80005pt on input line 130.
LaTeX Font Info:    Font shape `TU/ParsiDigits(1)/bx/n' in size <6> not availab
le
(Font)              Font shape `TU/ParsiDigits(1)/b/n' tried instead on input l
ine 130.
LaTeX Font Info:    Font shape `TU/ParsiDigits(1)/b/n' will be
(Font)              scaled to size 6.60004pt on input line 130.
LaTeX Font Info:    Font shape `TU/ParsiDigits(1)/m/it' will be
(Font)              scaled to size 13.20007pt on input line 130.
LaTeX Font Info:    Font shape `TU/ParsiDigits(1)/m/it' will be
(Font)              scaled to size 8.80005pt on input line 130.
LaTeX Font Info:    Font shape `TU/ParsiDigits(1)/m/it' will be
(Font)              scaled to size 6.60004pt on input line 130.
 [1]
LaTeX Font Info:    Font shape `TU/Yas(0)/b/n' will be
(Font)              scaled to size 27.36815pt on input line 131.
 [1] (main.toc
LaTeX Font Info:    Font shape `TU/ParsiDigits(0)/b/n' will be
(Font)              scaled to size 13.20007pt on input line 3.
)
\tf@toc=\write6
\openout6 = `main.toc'.


[7

] (abstracts/farsi_abstract.tex
LaTeX Font Info:    Font shape `TU/Yas(0)/m/n' will be
(Font)              scaled to size 12.04506pt on input line 8.
)
Underfull \hbox (badness 10000) in paragraph at lines 5--140
[][]
 []

[8] (chapters/other/introduction.tex
LaTeX Font Info:    Font shape `TU/TimesNewRoman(0)/m/n' will be
(Font)              scaled to size 12.04506pt on input line 7.
LaTeX Font Info:    Font shape `TU/Yas(0)/b/n' will be
(Font)              scaled to size 12.04506pt on input line 23.


Package natbib Warning: Citation `RefAHACwMG' on page نه undefined on input lin
e 23.


Package natbib Warning: Citation `RefOPFGP' on page نه undefined on input line 
41.

) [9

] (chapters/chapter1/chapter1.tex
فصل 1.
LaTeX Font Info:    Font shape `TU/ParsiDigits(0)/b/n' will be
(Font)              scaled to size 27.36815pt on input line 3.
LaTeX Font Info:    Font shape `TU/Yas(0)/b/n' will be
(Font)              scaled to size 19.0081pt on input line 9.
LaTeX Font Info:    Font shape `TU/ParsiDigits(0)/b/n' will be
(Font)              scaled to size 19.0081pt on input line 9.
LaTeX Font Info:    Font shape `TU/ParsiDigits(0)/b/n' will be
(Font)              scaled to size 15.84007pt on input line 14.
[1


]) (chapters/chapter2/chapter2.tex

Package fancyhdr Warning: \headheight is too small (12.0pt): 
(fancyhdr)                Make it at least 14.49998pt, for example:
(fancyhdr)                \setlength{\headheight}{14.49998pt}.
(fancyhdr)                You might also make \topmargin smaller:
(fancyhdr)                \addtolength{\topmargin}{-2.49998pt}.

[2]
فصل 2.
LaTeX Font Info:    Font shape `TU/ParsiDigits(1)/m/n' will be
(Font)              scaled to size 12.04506pt on input line 20.
LaTeX Font Info:    Font shape `TU/ParsiDigits(1)/bx/n' in size <10.95> not ava
ilable
(Font)              Font shape `TU/ParsiDigits(1)/b/n' tried instead on input l
ine 20.
LaTeX Font Info:    Font shape `TU/ParsiDigits(1)/b/n' will be
(Font)              scaled to size 12.04506pt on input line 20.
LaTeX Font Info:    Font shape `TU/ParsiDigits(1)/m/it' will be
(Font)              scaled to size 12.04506pt on input line 20.
LaTeX Font Info:    Font shape `TU/ParsiDigits(0)/m/n' will be
(Font)              scaled to size 12.04506pt on input line 42.

LaTeX Warning: Reference `mainEqWeak' on page 3 undefined on input line 62.


LaTeX Warning: Reference `mainEqWeak' on page 3 undefined on input line 67.

[3

]
File: ./chapters/chapter2/figures/element.png Graphic file (type bmp)
<./chapters/chapter2/figures/element.png>
) (chapters/other/corollary.tex

Package fancyhdr Warning: \headheight is too small (12.0pt): 
(fancyhdr)                Make it at least 14.49998pt, for example:
(fancyhdr)                \setlength{\headheight}{14.49998pt}.
(fancyhdr)                You might also make \topmargin smaller:
(fancyhdr)                \addtolength{\topmargin}{-2.49998pt}.

[4]) (references/references.tex [5

]
LaTeX Font Info:    Font shape `TU/TimesNewRoman(0)/m/it' will be
(Font)              scaled to size 12.04506pt on input line 16.
LaTeX Font Info:    Font shape `TU/TimesNewRoman(0)/m/n' will be
(Font)              scaled to size 13.20007pt on input line 83.
 [6

]

Package fancyhdr Warning: \headheight is too small (12.0pt): 
(fancyhdr)                Make it at least 14.49998pt, for example:
(fancyhdr)                \setlength{\headheight}{14.49998pt}.
(fancyhdr)                You might also make \topmargin smaller:
(fancyhdr)                \addtolength{\topmargin}{-2.49998pt}.

[7]

Package fancyhdr Warning: \headheight is too small (12.0pt): 
(fancyhdr)                Make it at least 14.49998pt, for example:
(fancyhdr)                \setlength{\headheight}{14.49998pt}.
(fancyhdr)                You might also make \topmargin smaller:
(fancyhdr)                \addtolength{\topmargin}{-2.49998pt}.

[8]

Package fancyhdr Warning: \headheight is too small (12.0pt): 
(fancyhdr)                Make it at least 14.49998pt, for example:
(fancyhdr)                \setlength{\headheight}{14.49998pt}.
(fancyhdr)                You might also make \topmargin smaller:
(fancyhdr)                \addtolength{\topmargin}{-2.49998pt}.

[9])

Package fancyhdr Warning: \headheight is too small (12.0pt): 
(fancyhdr)                Make it at least 14.49998pt, for example:
(fancyhdr)                \setlength{\headheight}{14.49998pt}.
(fancyhdr)                You might also make \topmargin smaller:
(fancyhdr)                \addtolength{\topmargin}{-2.49998pt}.

[10] (dictionaries/dictionary_farsi_to_english.tex
Underfull \hbox (badness 10000) in paragraph at lines 10--12
[][]
 []


Underfull \hbox (badness 10000) in paragraph at lines 16--17
[][]
 []


Underfull \hbox (badness 10000) in paragraph at lines 21--23
[][]
 []


Underfull \hbox (badness 10000) in paragraph at lines 27--29
[][]
 []


Underfull \hbox (badness 10000) in paragraph at lines 33--37
[][]
 []


Underfull \hbox (badness 10000) in paragraph at lines 41--42
[][]
 []

[11


]
Underfull \hbox (badness 10000) in paragraph at lines 46--48
[][]
 []


Underfull \hbox (badness 10000) in paragraph at lines 52--53
[][]
 []


Underfull \hbox (badness 10000) in paragraph at lines 57--58
[][]
 []


Underfull \hbox (badness 10000) in paragraph at lines 62--63
[][]
 []


Underfull \hbox (badness 10000) in paragraph at lines 67--70
[][]
 []


Underfull \hbox (badness 10000) in paragraph at lines 74--75
[][]
 []


Underfull \hbox (badness 10000) in paragraph at lines 79--81
[][]
 []


Underfull \hbox (badness 10000) in paragraph at lines 85--88
[][]
 []


Package fancyhdr Warning: \headheight is too small (12.0pt): 
(fancyhdr)                Make it at least 14.49998pt, for example:
(fancyhdr)                \setlength{\headheight}{14.49998pt}.
(fancyhdr)                You might also make \topmargin smaller:
(fancyhdr)                \addtolength{\topmargin}{-2.49998pt}.

[12]
Underfull \hbox (badness 10000) in paragraph at lines 92--93
[][]
 []


Underfull \hbox (badness 10000) in paragraph at lines 97--99
[][]
 []

)

Package fancyhdr Warning: \headheight is too small (12.0pt): 
(fancyhdr)                Make it at least 14.49998pt, for example:
(fancyhdr)                \setlength{\headheight}{14.49998pt}.
(fancyhdr)                You might also make \topmargin smaller:
(fancyhdr)                \addtolength{\topmargin}{-2.49998pt}.

[13] (dictionaries/dictionary_english_to_farsi.tex
Underfull \hbox (badness 10000) in paragraph at lines 11--13
[][]
 []


Underfull \hbox (badness 10000) in paragraph at lines 20--21
[][]
 []


Underfull \hbox (badness 10000) in paragraph at lines 27--41
[][]
 []

[14


]
Underfull \hbox (badness 10000) in paragraph at lines 47--51
[][]
 []


Underfull \hbox (badness 10000) in paragraph at lines 58--60
[][]
 []


Underfull \hbox (badness 10000) in paragraph at lines 66--70
[][]
 []


Underfull \hbox (badness 10000) in paragraph at lines 76--78
[][]
 []


Underfull \hbox (badness 10000) in paragraph at lines 84--90
[][]
 []


Package fancyhdr Warning: \headheight is too small (12.0pt): 
(fancyhdr)                Make it at least 14.49998pt, for example:
(fancyhdr)                \setlength{\headheight}{14.49998pt}.
(fancyhdr)                You might also make \topmargin smaller:
(fancyhdr)                \addtolength{\topmargin}{-2.49998pt}.

[15]
Underfull \hbox (badness 10000) in paragraph at lines 96--97
[][]
 []


Underfull \hbox (badness 10000) in paragraph at lines 103--111
[][]
 []


Underfull \hbox (badness 10000) in paragraph at lines 117--120
[][]
 []


Underfull \hbox (badness 10000) in paragraph at lines 126--137
[][]
 []


Package fancyhdr Warning: \headheight is too small (12.0pt): 
(fancyhdr)                Make it at least 14.49998pt, for example:
(fancyhdr)                \setlength{\headheight}{14.49998pt}.
(fancyhdr)                You might also make \topmargin smaller:
(fancyhdr)                \addtolength{\topmargin}{-2.49998pt}.

[16]
Underfull \hbox (badness 10000) in paragraph at lines 143--148
[][]
 []


Underfull \hbox (badness 10000) in paragraph at lines 154--157
[][]
 []


Underfull \hbox (badness 10000) in paragraph at lines 163--167
[][]
 []


Package fancyhdr Warning: \headheight is too small (12.0pt): 
(fancyhdr)                Make it at least 14.49998pt, for example:
(fancyhdr)                \setlength{\headheight}{14.49998pt}.
(fancyhdr)                You might also make \topmargin smaller:
(fancyhdr)                \addtolength{\topmargin}{-2.49998pt}.

[17]
Underfull \hbox (badness 10000) in paragraph at lines 173--174
[][]
 []


Underfull \hbox (badness 10000) in paragraph at lines 180--181
[][]
 []


Underfull \hbox (badness 10000) in paragraph at lines 189--190
[][]
 []

) (lists/list_of_symbols.tex

Package fancyhdr Warning: \headheight is too small (12.0pt): 
(fancyhdr)                Make it at least 14.49998pt, for example:
(fancyhdr)                \setlength{\headheight}{14.49998pt}.
(fancyhdr)                You might also make \topmargin smaller:
(fancyhdr)                \addtolength{\topmargin}{-2.49998pt}.

[18]
LaTeX Font Info:    Font shape `TU/Yas(0)/m/n' will be
(Font)              scaled to size 8.80005pt on input line 7.
LaTeX Font Info:    Font shape `TU/Yas(0)/m/n' will be
(Font)              scaled to size 6.60004pt on input line 7.

Underfull \hbox (badness 10000) in paragraph at lines 7--8
[][]
 []


Underfull \hbox (badness 10000) in paragraph at lines 9--13
[][]
 []

) [19

] (lists/list_of_abbreviation.tex
Underfull \hbox (badness 10000) in paragraph at lines 7--8
[][]
 []


Underfull \hbox (badness 10000) in paragraph at lines 9--14
[][]
 []

) [20


] (abstracts/english_abstract.tex

Package fancyhdr Warning: \fancyhead's `E' option without twoside option is use
less.
(fancyhdr)                Please consider using the `twoside' option on input l
ine 2.

LaTeX Font Info:    Font shape `TU/TimesNewRoman(1)/m/n' will be
(Font)              scaled to size 9.85492pt on input line 5.
LaTeX Font Info:    Font shape `TU/TimesNewRoman(1)/b/n' will be
(Font)              scaled to size 9.85492pt on input line 8.
LaTeX Font Info:    Font shape `TU/TimesNewRoman(1)/m/it' will be
(Font)              scaled to size 9.85492pt on input line 48.
) [21

]
File: ./styles/Elogo.png Graphic file (type bmp)
<./styles/Elogo.png>
LaTeX Font Info:    Font shape `TU/TimesNewRoman(0)/m/n' will be
(Font)              scaled to size 19.0081pt on input line 182.
LaTeX Font Info:    Font shape `TU/TimesNewRoman(0)/b/n' will be
(Font)              scaled to size 19.0081pt on input line 182.

! Undefined control sequence.
\Eapprovalpage ...he thesis committee, on \@Edate 
                                                  \par \vskip .8cm \par \set...
l.182 \Eapprovalpage
                     %{برای تولید صفحه صورتجلسه انگلیسی دفاعیه  این دستور را...

? 
! Undefined control sequence.
<argument> \@EsupervisorB 
                          
l.182 \Eapprovalpage
                     %{برای تولید صفحه صورتجلسه انگلیسی دفاعیه  این دستور را...

? 
! Undefined control sequence.
<argument> \@Eadvisor 
                      
l.182 \Eapprovalpage
                     %{برای تولید صفحه صورتجلسه انگلیسی دفاعیه  این دستور را...

? 
! Undefined control sequence.
\Eapprovalpage ...1}\arabic {cntdef}- \@ErefereeA 
                                                  , \@refereeAdegree \ (Exam...
l.182 \Eapprovalpage
                     %{برای تولید صفحه صورتجلسه انگلیسی دفاعیه  این دستور را...

? 
! Undefined control sequence.
\Eapprovalpage ... \@ErefereeA , \@refereeAdegree 
                                                  \ (Examiner) \vskip .4cm \...
l.182 \Eapprovalpage
                     %{برای تولید صفحه صورتجلسه انگلیسی دفاعیه  این دستور را...

? 
! Undefined control sequence.
\Eapprovalpage ...1}\arabic {cntdef}- \@ErefereeB 
                                                  , \@refereeBdegree \ (Exam...
l.182 \Eapprovalpage
                     %{برای تولید صفحه صورتجلسه انگلیسی دفاعیه  این دستور را...

? 
! Undefined control sequence.
\Eapprovalpage ... \@ErefereeB , \@refereeBdegree 
                                                  \ (Examiner) \vskip .4cm \...
l.182 \Eapprovalpage
                     %{برای تولید صفحه صورتجلسه انگلیسی دفاعیه  این دستور را...

? 
! Undefined control sequence.
<argument> \@refereeC 
                      
l.182 \Eapprovalpage
                     %{برای تولید صفحه صورتجلسه انگلیسی دفاعیه  این دستور را...

? 
! Undefined control sequence.
\Eapprovalpage ...\vskip .5cm \par \@Ecoordinator 
                                                  , \@coordinatordegree \ (D...
l.182 \Eapprovalpage
                     %{برای تولید صفحه صورتجلسه انگلیسی دفاعیه  این دستور را...

? 
! Undefined control sequence.
\Eapprovalpage ...ordinator , \@coordinatordegree 
                                                  \ (Department graduate coo...
l.182 \Eapprovalpage
                     %{برای تولید صفحه صورتجلسه انگلیسی دفاعیه  این دستور را...

? 
[1]
File: ./styles/Elogo.png Graphic file (type bmp)
<./styles/Elogo.png>
LaTeX Font Info:    Font shape `TU/TimesNewRoman(0)/b/n' will be
(Font)              scaled to size 12.04506pt on input line 183.
LaTeX Font Info:    Font shape `TU/TimesNewRoman(0)/b/n' will be
(Font)              scaled to size 15.84007pt on input line 183.

! Undefined control sequence.
<argument> \@Eadvisor 
                      
l.183 \lastpage
               
? 
! Undefined control sequence.
<argument> \@EsupervisorB 
                          
l.183 \lastpage
               
? 
! Undefined control sequence.
<argument> \@Eadvisor 
                      
l.183 \lastpage
               
? 
! Undefined control sequence.
\lastpage ... \par \par \vspace *{2.5cm} \@EdateB 
                                                  \par \par \end {center} \e...
l.183 \lastpage
               
? 
[1]

Package natbib Warning: There were undefined citations.

(main.aux)
 ***********
LaTeX2e <2025-11-01>
L3 programming layer <2025-12-24>
 ***********


LaTeX Warning: There were undefined references.


Package rerunfilecheck Warning: File `main.out' has changed.
(rerunfilecheck)                Rerun to get outlines right
(rerunfilecheck)                or use package `bookmark'.

Package rerunfilecheck Info: Checksums for `main.out':
(rerunfilecheck)             Before: F26D2DB50024C5459ABF4606611ED786;2609
(rerunfilecheck)             After:  CB7A8496A25802C900774E36083871EC;3263.
 )
(\end occurred inside a group at level 1)

### simple group (level 1) entered at line 8 ({)
### bottom level 
Here is how much of TeX's memory you used:
 42568 strings out of 402986
 1003356 string characters out of 5453057
 1535139 words of memory out of 5000000
 70381 multiletter control sequences out of 15000+600000
 641090 words of font info for 218 fonts, out of 8000000 for 9000
 1348 hyphenation exceptions out of 8191
 104i,13n,120p,1226b,923s stack positions out of 10000i,1000n,20000p,200000b,200000s

Output written on main.pdf (34 pages).
